2021-02-08 14:32:14 INFO swapInstanceDaemon start swap daemon, direction bsc_eth
2021-02-08 14:32:14 INFO swapInstanceDaemon start swap daemon, direction eth_bsc
2021-02-08 14:32:14 INFO Serve start admin server at :8000
2021-02-08 14:32:29 INFO confirmSwapRequestDaemon found 1 confirmed event logs
2021-02-08 14:32:30 INFO swapPairInstanceDaemon found 1 confirmed swapPairSM pair register requests
2021-02-08 14:32:30 INFO swapPairInstanceDaemon do swapPairSM, erc20 address 0x24DdCeef5978aBD870bC731b005A0eb99a79cb73, symbol BTC
2021-02-08 14:32:31 ERROR func2 do swapPairSM failed: failed to estimate gas needed: gas required exceeds allowance (30000000) or always failing transaction, start hash 0x37c75d2a3e9bc3f25b898a6c6f902e53f36320763faa9ff089bb1b45f6e581ad
2021-02-08 14:33:44 INFO confirmSwapRequestDaemon found 1 confirmed event logs
2021-02-08 14:33:45 INFO swapPairInstanceDaemon found 1 confirmed swapPairSM pair register requests
2021-02-08 14:33:45 INFO swapPairInstanceDaemon do swapPairSM, erc20 address 0x2011cf2e817464F789EdFF318474b8034f18f06D, symbol BTC
2021-02-08 14:33:49 INFO doCreateSwapPair Send transaction to BSC, https://testnet.bscscan.com/tx/0xdeb20e5a09d82502f8dd582c675bacf70a71b87ec8d445f56467b865dadc6158
2021-02-08 14:33:49 INFO func2 Track 1 non-finalized swap txs
2021-02-08 14:33:54 INFO func2 Track 1 non-finalized swap txs
2021-02-08 14:34:00 INFO func2 Track 1 non-finalized swap txs
2021-02-08 14:34:04 INFO func3 Track 1 success swap pair created 
2021-02-08 14:34:04 INFO AddSwapPairInstance Create new swap pair, symbol BTC, bep20 address 0x4bD2136A77AEb72923C888FcA859EE9e0Aa162D3, erc20 address 0x2011cf2e817464F789EdFF318474b8034f18f06D
2021-02-08 14:34:50 INFO swapInstanceDaemon Swap token 0x4bD2136A77AEb72923C888FcA859EE9e0Aa162D3, direction eth_bsc, sponsor: 0xB9D640cE23c1f8cE9797fd5cD2f0954f9119126f, amount 10000000000000, decimals 8
2021-02-08 14:34:52 INFO doSwap Send transaction to BSC, https://testnet.bscscan.com/tx/0x31f3afbb328f0f62549c575fa8261dab6c6e65c42f5d1400880db30e5139f44b
2021-02-08 14:35:21 INFO buildSwapPairInstance Load swap pair, symbol BTC, bep20 address 0x4bD2136A77AEb72923C888FcA859EE9e0Aa162D3, erc20 address 0x2011cf2e817464F789EdFF318474b8034f18f06D
2021-02-08 14:35:23 INFO swapInstanceDaemon start swap daemon, direction eth_bsc
2021-02-08 14:35:23 INFO swapInstanceDaemon start swap daemon, direction bsc_eth
2021-02-08 14:35:23 INFO func3 swap tx is built successfully, but the swap tx status is uncertain, just mark the swap and swap tx status as sent, swap ID 1
2021-02-08 14:35:24 INFO Serve start admin server at :8000
2021-02-08 14:35:29 INFO 2 fill swap tx is success, chain BSC, txHash: 0x31f3afbb328f0f62549c575fa8261dab6c6e65c42f5d1400880db30e5139f44b
2021-02-08 14:36:14 INFO WithdrawToken Send transaction to BSC, https://testnet.bscscan.com/tx/0xf9edb9bca56456f7defc1be5412dbb8e5aa65a5a554ed1394828e70347ba6b28
2021-02-08 14:36:43 INFO swapInstanceDaemon Swap token 0x4bD2136A77AEb72923C888FcA859EE9e0Aa162D3, direction eth_bsc, sponsor: 0xB9D640cE23c1f8cE9797fd5cD2f0954f9119126f, amount 10000000000000, decimals 8
2021-02-08 14:36:46 INFO doSwap Send transaction to BSC, https://testnet.bscscan.com/tx/0xc638a8c8084648f99a20b21e9def7eadf54d0651c359f713f16e092733cf7580
2021-02-08 14:36:52 INFO buildSwapPairInstance Load swap pair, symbol BTC, bep20 address 0x4bD2136A77AEb72923C888FcA859EE9e0Aa162D3, erc20 address 0x2011cf2e817464F789EdFF318474b8034f18f06D
2021-02-08 14:36:54 INFO swapInstanceDaemon start swap daemon, direction eth_bsc
2021-02-08 14:36:54 INFO swapInstanceDaemon start swap daemon, direction bsc_eth
2021-02-08 14:36:54 INFO func3 swap tx is built successfully, but the swap tx status is uncertain, just mark the swap and swap tx status as sent, swap ID 2
2021-02-08 14:36:54 INFO Serve start admin server at :8000
2021-02-08 14:36:59 INFO 2 fill swap tx is success, chain BSC, txHash: 0xc638a8c8084648f99a20b21e9def7eadf54d0651c359f713f16e092733cf7580
2021-02-08 14:37:26 ERROR WithdrawToken build native coin transfer error: failed to estimate gas needed: gas required exceeds allowance (15681) or always failing transaction
2021-02-08 14:37:34 ERROR WithdrawToken broadcast tx to BSC error: invalid sender
2021-02-08 14:37:52 ERROR WithdrawToken broadcast tx to BSC error: insufficient funds for gas * price + value
2021-02-08 14:37:58 ERROR WithdrawToken broadcast tx to BSC error: insufficient funds for gas * price + value
2021-02-08 14:38:07 INFO WithdrawToken Send transaction to BSC, https://testnet.bscscan.com/tx/0x69b40fab26048a82af49b106f7778dd0a6c4ed686df89d3cf6b824c66120f782
2021-02-08 14:38:54 INFO swapInstanceDaemon Swap token 0x4bD2136A77AEb72923C888FcA859EE9e0Aa162D3, direction eth_bsc, sponsor: 0xB9D640cE23c1f8cE9797fd5cD2f0954f9119126f, amount 10000000000000, decimals 8
2021-02-08 14:39:14 INFO buildSwapPairInstance Load swap pair, symbol BTC, bep20 address 0x4bD2136A77AEb72923C888FcA859EE9e0Aa162D3, erc20 address 0x2011cf2e817464F789EdFF318474b8034f18f06D
2021-02-08 14:39:16 INFO swapInstanceDaemon start swap daemon, direction eth_bsc
2021-02-08 14:39:16 INFO swapInstanceDaemon start swap daemon, direction bsc_eth
2021-02-08 14:39:16 INFO func3 retry swap, start tx hash 0x3800aec08c9a6fa7771ad2a5fda7979e7a28803e78ca406b03ccad8a719fc5ee, symbol BTC, amount 10000000000000, direction%!(EXTRA common.SwapDirection=eth_bsc)
2021-02-08 14:39:16 INFO swapInstanceDaemon Swap token 0x4bD2136A77AEb72923C888FcA859EE9e0Aa162D3, direction eth_bsc, sponsor: 0xB9D640cE23c1f8cE9797fd5cD2f0954f9119126f, amount 10000000000000, decimals 8
2021-02-08 14:39:16 INFO Serve start admin server at :8000
2021-02-08 14:40:00 INFO buildSwapPairInstance Load swap pair, symbol BTC, bep20 address 0x4bD2136A77AEb72923C888FcA859EE9e0Aa162D3, erc20 address 0x2011cf2e817464F789EdFF318474b8034f18f06D
2021-02-08 14:40:02 INFO swapInstanceDaemon start swap daemon, direction eth_bsc
2021-02-08 14:40:02 INFO swapInstanceDaemon start swap daemon, direction bsc_eth
2021-02-08 14:40:02 INFO swapInstanceDaemon Swap token 0x4bD2136A77AEb72923C888FcA859EE9e0Aa162D3, direction eth_bsc, sponsor: 0xB9D640cE23c1f8cE9797fd5cD2f0954f9119126f, amount 10000000000000, decimals 8
2021-02-08 14:40:02 INFO Serve start admin server at :8000
2021-02-08 14:40:20 INFO buildSwapPairInstance Load swap pair, symbol BTC, bep20 address 0x4bD2136A77AEb72923C888FcA859EE9e0Aa162D3, erc20 address 0x2011cf2e817464F789EdFF318474b8034f18f06D
2021-02-08 14:40:21 INFO swapInstanceDaemon start swap daemon, direction eth_bsc
2021-02-08 14:40:21 INFO swapInstanceDaemon start swap daemon, direction bsc_eth
2021-02-08 14:40:21 INFO func3 retry swap, start tx hash 0x3800aec08c9a6fa7771ad2a5fda7979e7a28803e78ca406b03ccad8a719fc5ee, symbol BTC, amount 10000000000000, direction eth_bsc
2021-02-08 14:40:21 INFO swapInstanceDaemon Swap token 0x4bD2136A77AEb72923C888FcA859EE9e0Aa162D3, direction eth_bsc, sponsor: 0xB9D640cE23c1f8cE9797fd5cD2f0954f9119126f, amount 10000000000000, decimals 8
2021-02-08 14:40:21 INFO Serve start admin server at :8000
2021-02-08 14:42:06 INFO buildSwapPairInstance Load swap pair, symbol BTC, bep20 address 0x4bD2136A77AEb72923C888FcA859EE9e0Aa162D3, erc20 address 0x2011cf2e817464F789EdFF318474b8034f18f06D
2021-02-08 14:42:08 INFO swapInstanceDaemon start swap daemon, direction eth_bsc
2021-02-08 14:42:08 INFO swapInstanceDaemon start swap daemon, direction bsc_eth
2021-02-08 14:42:08 INFO swapInstanceDaemon Swap token 0x4bD2136A77AEb72923C888FcA859EE9e0Aa162D3, direction eth_bsc, sponsor: 0xB9D640cE23c1f8cE9797fd5cD2f0954f9119126f, amount 10000000000000, decimals 8
2021-02-08 14:42:09 INFO Serve start admin server at :8000
2021-02-08 14:42:59 INFO buildSwapPairInstance Load swap pair, symbol BTC, bep20 address 0x4bD2136A77AEb72923C888FcA859EE9e0Aa162D3, erc20 address 0x2011cf2e817464F789EdFF318474b8034f18f06D
2021-02-08 14:43:01 INFO swapInstanceDaemon start swap daemon, direction eth_bsc
2021-02-08 14:43:01 INFO swapInstanceDaemon start swap daemon, direction bsc_eth
2021-02-08 14:43:01 INFO func3 retry swap, start tx hash 0x3800aec08c9a6fa7771ad2a5fda7979e7a28803e78ca406b03ccad8a719fc5ee, symbol BTC, amount 10000000000000, direction eth_bsc
2021-02-08 14:43:01 INFO swapInstanceDaemon Swap token 0x4bD2136A77AEb72923C888FcA859EE9e0Aa162D3, direction eth_bsc, sponsor: 0xB9D640cE23c1f8cE9797fd5cD2f0954f9119126f, amount 10000000000000, decimals 8
2021-02-08 14:43:01 INFO Serve start admin server at :8000
2021-02-08 14:43:02 ERROR func4 do swap failed: failed to estimate gas needed: gas required exceeds allowance (24681) or always failing transaction, start hash 0x3800aec08c9a6fa7771ad2a5fda7979e7a28803e78ca406b03ccad8a719fc5ee
2021-02-08 14:43:49 INFO retryFailedSwapsDaemon Retry to handle swap, id: 1, direction eth_bsc, symbol BTC, bep20 address 0x4bD2136A77AEb72923C888FcA859EE9e0Aa162D3, erc20 address 0x2011cf2e817464F789EdFF318474b8034f18f06D, amount 10000000000000, sponsor 0xB9D640cE23c1f8cE9797fd5cD2f0954f9119126f
2021-02-08 14:45:12 INFO buildSwapPairInstance Load swap pair, symbol BTC, bep20 address 0x4bD2136A77AEb72923C888FcA859EE9e0Aa162D3, erc20 address 0x2011cf2e817464F789EdFF318474b8034f18f06D
2021-02-08 14:45:14 INFO swapInstanceDaemon start swap daemon, direction bsc_eth
2021-02-08 14:45:14 INFO swapInstanceDaemon start swap daemon, direction eth_bsc
2021-02-08 14:45:14 INFO Serve start admin server at :8000
2021-02-08 14:46:33 INFO buildSwapPairInstance Load swap pair, symbol BTC, bep20 address 0x4bD2136A77AEb72923C888FcA859EE9e0Aa162D3, erc20 address 0x2011cf2e817464F789EdFF318474b8034f18f06D
2021-02-08 14:46:34 INFO swapInstanceDaemon start swap daemon, direction eth_bsc
2021-02-08 14:46:34 INFO swapInstanceDaemon start swap daemon, direction bsc_eth
2021-02-08 14:46:34 INFO func3 retry the retrySwap, start tx hash 0x3800aec08c9a6fa7771ad2a5fda7979e7a28803e78ca406b03ccad8a719fc5ee, symbol BTC, amount 10000000000000, direction%!(EXTRA common.SwapDirection=eth_bsc)
2021-02-08 14:46:34 INFO retryFailedSwapsDaemon Retry to handle swap, id: 1, direction eth_bsc, symbol BTC, bep20 address 0x4bD2136A77AEb72923C888FcA859EE9e0Aa162D3, erc20 address 0x2011cf2e817464F789EdFF318474b8034f18f06D, amount 10000000000000, sponsor 0xB9D640cE23c1f8cE9797fd5cD2f0954f9119126f
2021-02-08 14:46:34 INFO Serve start admin server at :8000
2021-02-08 14:47:40 INFO buildSwapPairInstance Load swap pair, symbol BTC, bep20 address 0x4bD2136A77AEb72923C888FcA859EE9e0Aa162D3, erc20 address 0x2011cf2e817464F789EdFF318474b8034f18f06D
2021-02-08 14:47:41 INFO swapInstanceDaemon start swap daemon, direction eth_bsc
2021-02-08 14:47:41 INFO swapInstanceDaemon start swap daemon, direction bsc_eth
2021-02-08 14:47:41 INFO retryFailedSwapsDaemon Retry to handle swap, id: 1, direction eth_bsc, symbol BTC, bep20 address 0x4bD2136A77AEb72923C888FcA859EE9e0Aa162D3, erc20 address 0x2011cf2e817464F789EdFF318474b8034f18f06D, amount 10000000000000, sponsor 0xB9D640cE23c1f8cE9797fd5cD2f0954f9119126f
2021-02-08 14:47:41 INFO Serve start admin server at :8000
2021-02-08 14:47:42 ERROR func4 do retry swap failed: failed to estimate gas needed: gas required exceeds allowance (24681) or always failing transaction, start hash 0x3800aec08c9a6fa7771ad2a5fda7979e7a28803e78ca406b03ccad8a719fc5ee
2021-02-08 14:48:38 INFO retryFailedSwapsDaemon Retry to handle swap, id: 2, direction eth_bsc, symbol BTC, bep20 address 0x4bD2136A77AEb72923C888FcA859EE9e0Aa162D3, erc20 address 0x2011cf2e817464F789EdFF318474b8034f18f06D, amount 10000000000000, sponsor 0xB9D640cE23c1f8cE9797fd5cD2f0954f9119126f
2021-02-08 14:48:41 INFO doRetrySwap Send transaction to BSC, https://testnet.bscscan.com/tx/0xdc683790e2422696e6f14dadc7b519f4cdb6c74b2a24b9a83bf7706145813bf5
2021-02-08 14:48:53 INFO 2 fill retry swap tx is success, chain BSC, txHash: 0xdc683790e2422696e6f14dadc7b519f4cdb6c74b2a24b9a83bf7706145813bf5
2021-02-08 15:00:10 INFO buildSwapPairInstance Load swap pair, symbol BTC, bep20 address 0x4bD2136A77AEb72923C888FcA859EE9e0Aa162D3, erc20 address 0x2011cf2e817464F789EdFF318474b8034f18f06D
2021-02-08 15:00:12 INFO swapInstanceDaemon start swap daemon, direction eth_bsc
2021-02-08 15:00:12 INFO swapInstanceDaemon start swap daemon, direction bsc_eth
2021-02-08 15:00:12 INFO Serve start admin server at :8000
2021-02-08 15:01:06 INFO buildSwapPairInstance Load swap pair, symbol BTC, bep20 address 0x4bD2136A77AEb72923C888FcA859EE9e0Aa162D3, erc20 address 0x2011cf2e817464F789EdFF318474b8034f18f06D
2021-02-08 15:01:07 INFO swapInstanceDaemon start swap daemon, direction bsc_eth
2021-02-08 15:01:07 INFO swapInstanceDaemon start swap daemon, direction eth_bsc
2021-02-08 15:01:08 INFO Serve start admin server at :8000
2021-02-08 15:01:19 ERROR WithdrawToken broadcast tx to BSC error: insufficient funds for gas * price + value
2021-02-08 15:01:32 INFO WithdrawToken Send transaction to BSC, https://testnet.bscscan.com/tx/0xf70e5984a4f51cf13ead3970bba27882627e2bc15761cdcbd78f73847ed78340
2021-02-08 15:02:17 INFO swapInstanceDaemon Swap token 0x4bD2136A77AEb72923C888FcA859EE9e0Aa162D3, direction eth_bsc, sponsor: 0xB9D640cE23c1f8cE9797fd5cD2f0954f9119126f, amount 10000000000000, decimals 8
2021-02-08 15:02:18 ERROR func4 do swap failed: failed to estimate gas needed: gas required exceeds allowance (31872) or always failing transaction, start hash 0x31efe18d112b85d8a8c4015af70de178a65d2466e87826e847bbe8eb9374845d
2021-02-08 15:03:32 INFO retryFailedSwapsDaemon Retry to handle swap, id: 3, direction eth_bsc, symbol BTC, bep20 address 0x4bD2136A77AEb72923C888FcA859EE9e0Aa162D3, erc20 address 0x2011cf2e817464F789EdFF318474b8034f18f06D, amount 10000000000000, sponsor 0xB9D640cE23c1f8cE9797fd5cD2f0954f9119126f
2021-02-08 15:04:28 INFO buildSwapPairInstance Load swap pair, symbol BTC, bep20 address 0x4bD2136A77AEb72923C888FcA859EE9e0Aa162D3, erc20 address 0x2011cf2e817464F789EdFF318474b8034f18f06D
2021-02-08 15:04:30 INFO swapInstanceDaemon start swap daemon, direction eth_bsc
2021-02-08 15:04:30 INFO swapInstanceDaemon start swap daemon, direction bsc_eth
2021-02-08 15:04:30 INFO Serve start admin server at :8000
2021-02-08 15:04:31 INFO retryFailedSwapsDaemon Retry to handle swap, id: 4, direction eth_bsc, symbol BTC, bep20 address 0x4bD2136A77AEb72923C888FcA859EE9e0Aa162D3, erc20 address 0x2011cf2e817464F789EdFF318474b8034f18f06D, amount 10000000000000, sponsor 0xB9D640cE23c1f8cE9797fd5cD2f0954f9119126f
2021-02-08 15:05:18 INFO buildSwapPairInstance Load swap pair, symbol BTC, bep20 address 0x4bD2136A77AEb72923C888FcA859EE9e0Aa162D3, erc20 address 0x2011cf2e817464F789EdFF318474b8034f18f06D
2021-02-08 15:05:19 INFO swapInstanceDaemon start swap daemon, direction eth_bsc
2021-02-08 15:05:19 INFO swapInstanceDaemon start swap daemon, direction bsc_eth
2021-02-08 15:05:19 INFO func3 retry the retrySwap, start tx hash 0x31efe18d112b85d8a8c4015af70de178a65d2466e87826e847bbe8eb9374845d, symbol BTC, amount 10000000000000, direction%!(EXTRA common.SwapDirection=eth_bsc)
2021-02-08 15:05:19 INFO retryFailedSwapsDaemon Retry to handle swap, id: 4, direction eth_bsc, symbol BTC, bep20 address 0x4bD2136A77AEb72923C888FcA859EE9e0Aa162D3, erc20 address 0x2011cf2e817464F789EdFF318474b8034f18f06D, amount 10000000000000, sponsor 0xB9D640cE23c1f8cE9797fd5cD2f0954f9119126f
2021-02-08 15:05:20 INFO Serve start admin server at :8000
2021-02-08 15:05:20 ERROR func4 do retry swap failed: failed to estimate gas needed: gas required exceeds allowance (31872) or always failing transaction, start hash 0x31efe18d112b85d8a8c4015af70de178a65d2466e87826e847bbe8eb9374845d
2021-02-08 15:07:53 INFO buildSwapPairInstance Load swap pair, symbol BTC, bep20 address 0x4bD2136A77AEb72923C888FcA859EE9e0Aa162D3, erc20 address 0x2011cf2e817464F789EdFF318474b8034f18f06D
2021-02-08 15:07:55 INFO swapInstanceDaemon start swap daemon, direction eth_bsc
2021-02-08 15:07:55 INFO swapInstanceDaemon start swap daemon, direction bsc_eth
2021-02-08 15:07:55 INFO Serve start admin server at :8000
2021-02-08 15:08:38 INFO retryFailedSwapsDaemon Retry to handle swap, id: 5, direction eth_bsc, symbol BTC, bep20 address 0x4bD2136A77AEb72923C888FcA859EE9e0Aa162D3, erc20 address 0x2011cf2e817464F789EdFF318474b8034f18f06D, amount 10000000000000, sponsor 0xB9D640cE23c1f8cE9797fd5cD2f0954f9119126f
2021-02-08 15:08:38 ERROR func4 do retry swap failed: failed to estimate gas needed: gas required exceeds allowance (31872) or always failing transaction, start hash 0x31efe18d112b85d8a8c4015af70de178a65d2466e87826e847bbe8eb9374845d
2021-02-08 15:09:32 INFO retryFailedSwapsDaemon Retry to handle swap, id: 6, direction eth_bsc, symbol BTC, bep20 address 0x4bD2136A77AEb72923C888FcA859EE9e0Aa162D3, erc20 address 0x2011cf2e817464F789EdFF318474b8034f18f06D, amount 10000000000000, sponsor 0xB9D640cE23c1f8cE9797fd5cD2f0954f9119126f
2021-02-08 15:09:35 INFO doRetrySwap Send transaction to BSC, https://testnet.bscscan.com/tx/0x9e7d8339a525883cb423856ef60ea8355db6be04737d0c384870fe2a805a6bd4
2021-02-08 15:09:46 INFO 2 fill retry swap tx is success, chain BSC, txHash: 0x9e7d8339a525883cb423856ef60ea8355db6be04737d0c384870fe2a805a6bd4
2021-02-08 15:10:23 INFO buildSwapPairInstance Load swap pair, symbol BTC, bep20 address 0x4bD2136A77AEb72923C888FcA859EE9e0Aa162D3, erc20 address 0x2011cf2e817464F789EdFF318474b8034f18f06D
2021-02-08 15:10:24 INFO swapInstanceDaemon start swap daemon, direction eth_bsc
2021-02-08 15:10:24 INFO swapInstanceDaemon start swap daemon, direction bsc_eth
2021-02-08 15:10:24 INFO Serve start admin server at :8000
2021-02-08 15:16:20 INFO buildSwapPairInstance Load swap pair, symbol BTC, bep20 address 0x4bD2136A77AEb72923C888FcA859EE9e0Aa162D3, erc20 address 0x2011cf2e817464F789EdFF318474b8034f18f06D
2021-02-08 15:16:22 INFO swapInstanceDaemon start swap daemon, direction bsc_eth
2021-02-08 15:16:22 INFO swapInstanceDaemon start swap daemon, direction eth_bsc
2021-02-08 15:16:22 INFO Serve start admin server at :8000
2021-02-08 15:41:23 INFO confirmSwapRequestDaemon found 1 confirmed event logs
2021-02-08 15:41:24 INFO swapPairInstanceDaemon found 1 confirmed swapPairSM pair register requests
2021-02-08 15:41:24 INFO swapPairInstanceDaemon do swapPairSM, erc20 address 0x163c0D803a2ed7ab3F9FBDDFc15315F3F002E5DF, symbol BTC
2021-02-08 15:41:28 ERROR doCreateSwapPair broadcast tx to BSC error: replacement transaction underpriced
2021-02-08 15:41:28 ERROR func2 do swapPairSM failed: replacement transaction underpriced, start hash 0x35d2c477d03ff14390c06c46763c0a97d1ae819dd0b9b46df2d7b27872753c79
2021-02-08 15:41:28 INFO swapPairInstanceDaemon found 1 confirmed swapPairSM pair register requests
2021-02-08 15:41:28 INFO swapPairInstanceDaemon do swapPairSM, erc20 address 0x163c0D803a2ed7ab3F9FBDDFc15315F3F002E5DF, symbol BTC
2021-02-08 15:41:30 ERROR func2 do swapPairSM failed: UNIQUE constraint failed: swap_pair_creat_tx.swap_pair_register_tx_hash, start hash 0x35d2c477d03ff14390c06c46763c0a97d1ae819dd0b9b46df2d7b27872753c79
2021-10-08 16:48:23 INFO swapInstanceDaemon start swap daemon, direction eth_bsc
2021-10-08 16:48:23 INFO swapInstanceDaemon start swap daemon, direction bsc_eth
2021-10-08 16:48:23 INFO Serve start admin server at :8000
2021-10-11 01:44:41 INFO swapInstanceDaemon start swap daemon, direction eth_bsc
2021-10-11 01:44:41 INFO swapInstanceDaemon start swap daemon, direction bsc_eth
2021-10-11 01:44:41 INFO Serve start admin server at :8000
2021-10-11 12:17:54 INFO swapInstanceDaemon start swap daemon, direction eth_bsc
2021-10-11 12:17:54 INFO swapInstanceDaemon start swap daemon, direction bsc_eth
2021-10-11 12:17:56 INFO Serve start admin server at :8000
2021-10-12 01:52:29 INFO swapInstanceDaemon start swap daemon, direction eth_bsc
2021-10-12 01:52:29 INFO swapInstanceDaemon start swap daemon, direction bsc_eth
2021-10-12 01:52:30 INFO Serve start admin server at :8000
2021-10-13 03:48:29 DEBUG Fetch fetch BSC block, height=6118810
2021-10-13 03:48:29 DEBUG Fetch fetch ETH block, height=8018001
2021-10-13 03:48:30 DEBUG Fetch fetch BSC block, height=6118811
2021-10-13 03:48:31 DEBUG Fetch fetch BSC block, height=6118812
2021-10-13 03:48:31 INFO swapInstanceDaemon start swap daemon, direction eth_bsc
2021-10-13 03:48:31 INFO swapInstanceDaemon start swap daemon, direction bsc_eth
2021-10-13 03:48:32 INFO Serve start admin server at :8000
2021-10-13 03:48:32 DEBUG Fetch fetch BSC block, height=6118813
2021-10-13 03:48:33 DEBUG Fetch fetch BSC block, height=6118814
2021-10-13 03:48:33 DEBUG Fetch fetch ETH block error, err=get block info error, height=8018001, err=unknown block
2021-10-13 03:48:34 DEBUG Fetch fetch BSC block, height=6118815
2021-10-13 03:48:34 DEBUG Fetch fetch BSC block, height=6118816
2021-10-13 03:48:35 DEBUG Fetch fetch BSC block, height=6118817
2021-10-13 03:48:36 DEBUG Fetch fetch BSC block, height=6118818
2021-10-13 03:48:37 DEBUG Fetch fetch BSC block, height=6118819
2021-10-13 03:48:38 DEBUG Fetch fetch BSC block, height=6118820
2021-10-13 03:48:39 DEBUG Fetch fetch BSC block, height=6118821
2021-10-13 03:48:40 DEBUG Fetch fetch BSC block, height=6118822
2021-10-13 03:48:41 DEBUG Fetch fetch BSC block, height=6118823
2021-10-13 03:48:42 DEBUG Fetch fetch BSC block, height=6118824
2021-10-13 03:48:43 DEBUG Fetch fetch BSC block, height=6118825
2021-10-13 03:48:43 DEBUG Fetch fetch ETH block, height=8018001
2021-10-13 03:48:44 DEBUG Fetch fetch BSC block, height=6118826
2021-10-13 03:48:45 DEBUG Fetch fetch BSC block, height=6118827
2021-10-13 03:48:46 DEBUG Fetch fetch BSC block, height=6118828
2021-10-13 03:48:47 DEBUG Fetch fetch ETH block error, err=get block info error, height=8018001, err=unknown block
2021-10-13 03:48:47 DEBUG Fetch fetch BSC block, height=6118829
2021-10-13 03:48:49 DEBUG Fetch fetch BSC block, height=6118830
2021-10-13 03:48:50 DEBUG Fetch fetch BSC block, height=6118831
2021-10-13 03:48:51 DEBUG Fetch fetch BSC block, height=6118832
2021-10-13 03:48:53 DEBUG Fetch fetch BSC block, height=6118833
2021-10-13 03:48:54 DEBUG Fetch fetch BSC block, height=6118834
2021-10-13 03:48:55 DEBUG Fetch fetch BSC block, height=6118835
2021-10-13 03:48:57 DEBUG Fetch fetch BSC block, height=6118836
2021-10-13 03:48:57 DEBUG Fetch fetch ETH block, height=8018001
2021-10-13 03:48:58 DEBUG Fetch fetch BSC block, height=6118837
2021-10-13 03:48:59 DEBUG Fetch fetch BSC block, height=6118838
2021-10-13 03:48:59 DEBUG Fetch fetch BSC block, height=6118839
2021-10-13 03:49:00 DEBUG Fetch fetch ETH block error, err=get block info error, height=8018001, err=unknown block
2021-10-13 03:49:00 DEBUG Fetch fetch BSC block, height=6118840
2021-10-13 03:49:01 DEBUG Fetch fetch BSC block, height=6118841
2021-10-13 03:49:02 DEBUG Fetch fetch BSC block, height=6118842
2021-10-13 03:49:03 DEBUG Fetch fetch BSC block, height=6118843
2021-10-13 03:49:04 DEBUG Fetch fetch BSC block, height=6118844
2021-10-13 03:49:05 DEBUG Fetch fetch BSC block, height=6118844
2021-10-13 03:49:05 DEBUG Fetch fetch ETH block, height=8018001
2021-10-13 03:49:08 INFO swapInstanceDaemon start swap daemon, direction eth_bsc
2021-10-13 03:49:08 INFO swapInstanceDaemon start swap daemon, direction bsc_eth
2021-10-13 03:49:08 DEBUG Fetch fetch BSC block, height=6118845
2021-10-13 03:49:08 INFO Serve start admin server at :8000
2021-10-13 03:49:09 DEBUG Fetch fetch ETH block error, err=get block info error, height=8018001, err=unknown block
2021-10-13 03:49:09 DEBUG Fetch fetch BSC block, height=6118846
2021-10-13 03:49:10 DEBUG Fetch fetch BSC block, height=6118847
2021-10-13 03:49:11 DEBUG Fetch fetch BSC block, height=6118848
2021-10-13 03:49:12 DEBUG Fetch fetch BSC block, height=6118849
2021-10-13 03:49:13 DEBUG Fetch fetch BSC block, height=6118850
2021-10-13 03:49:14 DEBUG Fetch fetch BSC block, height=6118851
2021-10-13 03:49:15 DEBUG Fetch fetch BSC block, height=6118852
2021-10-13 03:49:16 DEBUG Fetch fetch BSC block, height=6118853
2021-10-13 03:49:17 DEBUG Fetch fetch BSC block, height=6118854
2021-10-13 03:49:18 DEBUG Fetch fetch BSC block, height=6118855
2021-10-13 03:49:19 DEBUG Fetch fetch BSC block, height=6118856
2021-10-13 03:49:19 DEBUG Fetch fetch ETH block, height=8018001
2021-10-13 03:49:20 DEBUG Fetch fetch BSC block, height=6118857
2021-10-13 03:49:21 DEBUG Fetch fetch BSC block, height=6118858
2021-10-13 03:49:22 DEBUG Fetch fetch ETH block error, err=get block info error, height=8018001, err=unknown block
2021-10-13 03:49:22 DEBUG Fetch fetch BSC block, height=6118859
2021-10-13 03:49:23 DEBUG Fetch fetch BSC block, height=6118860
2021-10-13 03:49:24 DEBUG Fetch fetch BSC block, height=6118861
2021-10-13 03:49:25 DEBUG Fetch fetch BSC block, height=6118862
2021-10-13 03:49:27 DEBUG Fetch fetch BSC block, height=6118863
2021-10-13 03:49:28 DEBUG Fetch fetch BSC block, height=6118864
2021-10-13 03:49:29 DEBUG Fetch fetch BSC block, height=6118865
2021-10-13 03:49:29 DEBUG Fetch fetch BSC block, height=6118866
2021-10-13 03:49:30 DEBUG Fetch fetch BSC block, height=6118867
2021-10-13 03:49:31 DEBUG Fetch fetch BSC block, height=6118868
2021-10-13 03:49:32 DEBUG Fetch fetch ETH block, height=8018001
2021-10-13 03:49:32 DEBUG Fetch fetch BSC block, height=6118869
2021-10-13 03:49:33 DEBUG Fetch fetch BSC block, height=6118870
2021-10-13 03:49:34 DEBUG Fetch fetch BSC block, height=6118871
2021-10-13 03:49:34 DEBUG Fetch fetch ETH block error, err=get block info error, height=8018001, err=unknown block
2021-10-13 03:49:35 DEBUG Fetch fetch BSC block, height=6118872
2021-10-13 03:49:36 DEBUG Fetch fetch BSC block, height=6118873
2021-10-13 03:49:37 DEBUG Fetch fetch BSC block, height=6118874
2021-10-13 03:49:38 DEBUG Fetch fetch BSC block, height=6118875
2021-10-13 03:49:38 DEBUG Fetch fetch BSC block, height=6118876
2021-10-13 03:49:39 DEBUG Fetch fetch BSC block, height=6118877
2021-10-13 03:49:40 DEBUG Fetch fetch BSC block, height=6118878
2021-10-13 03:49:41 DEBUG Fetch fetch BSC block, height=6118879
2021-10-13 03:49:41 DEBUG Fetch fetch BSC block, height=6118880
2021-10-13 03:49:42 DEBUG Fetch fetch BSC block, height=6118881
2021-10-13 03:49:43 DEBUG Fetch fetch BSC block, height=6118882
2021-10-13 03:49:44 DEBUG Fetch fetch BSC block, height=6118883
2021-10-13 03:49:44 DEBUG Fetch fetch ETH block, height=8018001
2021-10-13 03:49:45 DEBUG Fetch fetch BSC block, height=6118884
2021-10-13 03:49:46 DEBUG Fetch fetch BSC block, height=6118885
2021-10-13 03:49:46 DEBUG Fetch fetch BSC block, height=6118886
2021-10-13 03:49:47 DEBUG Fetch fetch ETH block error, err=get block info error, height=8018001, err=unknown block
2021-10-13 03:49:47 DEBUG Fetch fetch BSC block, height=6118887
2021-10-13 03:49:47 DEBUG Fetch fetch BSC block, height=6118888
2021-10-13 03:49:48 DEBUG Fetch fetch BSC block, height=6118889
2021-10-13 03:49:49 DEBUG Fetch fetch BSC block, height=6118890
2021-10-13 03:49:50 DEBUG Fetch fetch BSC block, height=6118891
2021-10-13 03:49:51 DEBUG Fetch fetch BSC block, height=6118892
2021-10-13 03:49:51 DEBUG Fetch fetch BSC block, height=6118893
2021-10-13 03:49:52 DEBUG Fetch fetch BSC block, height=6118894
2021-10-13 03:49:53 DEBUG Fetch fetch BSC block, height=6118895
2021-10-13 03:49:53 DEBUG Fetch fetch BSC block, height=6118896
2021-10-13 03:49:54 DEBUG Fetch fetch BSC block, height=6118897
2021-10-13 03:49:55 DEBUG Fetch fetch BSC block, height=6118898
2021-10-13 03:49:55 DEBUG Fetch fetch BSC block, height=6118899
2021-10-13 03:49:56 DEBUG Fetch fetch BSC block, height=6118900
2021-10-13 03:49:56 DEBUG Fetch fetch BSC block, height=6118901
2021-10-13 03:49:57 DEBUG Fetch fetch ETH block, height=8018001
2021-10-13 03:49:57 DEBUG Fetch fetch BSC block, height=6118902
2021-10-13 03:49:58 DEBUG Fetch fetch BSC block, height=6118903
2021-10-13 03:49:59 DEBUG Fetch fetch BSC block, height=6118904
2021-10-13 03:49:59 DEBUG Fetch fetch ETH block error, err=get block info error, height=8018001, err=unknown block
2021-10-13 03:50:00 DEBUG Fetch fetch BSC block, height=6118905
2021-10-13 03:50:00 DEBUG Fetch fetch BSC block, height=6118906
2021-10-13 03:50:01 DEBUG Fetch fetch BSC block, height=6118907
2021-10-13 03:50:01 DEBUG Fetch fetch BSC block, height=6118908
2021-10-13 03:50:01 DEBUG Fetch fetch BSC block, height=6118909
2021-10-13 03:50:02 DEBUG Fetch fetch BSC block, height=6118910
2021-10-13 03:50:02 DEBUG Fetch fetch BSC block, height=6118911
2021-10-13 03:50:03 DEBUG Fetch fetch BSC block, height=6118912
2021-10-13 03:50:03 DEBUG Fetch fetch BSC block, height=6118913
2021-10-13 03:50:04 DEBUG Fetch fetch BSC block, height=6118914
2021-10-13 03:50:04 DEBUG Fetch fetch BSC block, height=6118915
2021-10-13 03:50:05 DEBUG Fetch fetch BSC block, height=6118916
2021-10-13 03:50:05 DEBUG Fetch fetch BSC block, height=6118917
2021-10-13 03:50:06 DEBUG Fetch fetch BSC block, height=6118918
2021-10-13 03:50:06 DEBUG Fetch fetch BSC block, height=6118919
2021-10-13 03:50:07 DEBUG Fetch fetch BSC block, height=6118920
2021-10-13 03:50:07 DEBUG Fetch fetch BSC block, height=6118921
2021-10-13 03:50:08 DEBUG Fetch fetch BSC block, height=6118922
2021-10-13 03:50:08 DEBUG Fetch fetch BSC block, height=6118923
2021-10-13 03:50:08 DEBUG Fetch fetch BSC block, height=6118924
2021-10-13 03:50:09 DEBUG Fetch fetch BSC block, height=6118925
2021-10-13 03:50:09 DEBUG Fetch fetch ETH block, height=8018001
2021-10-13 03:50:09 DEBUG Fetch fetch BSC block, height=6118926
2021-10-13 03:50:10 DEBUG Fetch fetch BSC block, height=6118927
2021-10-13 03:50:10 DEBUG Fetch fetch BSC block, height=6118928
2021-10-13 03:50:11 DEBUG Fetch fetch BSC block, height=6118929
2021-10-13 03:50:12 DEBUG Fetch fetch ETH block error, err=get block info error, height=8018001, err=unknown block
2021-10-13 03:50:12 DEBUG Fetch fetch BSC block, height=6118930
2021-10-13 03:50:12 DEBUG Fetch fetch BSC block, height=6118931
2021-10-13 03:50:13 DEBUG Fetch fetch BSC block, height=6118932
2021-10-13 03:50:13 DEBUG Fetch fetch BSC block, height=6118933
2021-10-13 03:50:14 DEBUG Fetch fetch BSC block, height=6118934
2021-10-13 03:50:15 DEBUG Fetch fetch BSC block, height=6118935
2021-10-13 03:50:15 DEBUG Fetch fetch BSC block, height=6118936
2021-10-13 03:50:16 DEBUG Fetch fetch BSC block, height=6118937
2021-10-13 03:50:17 DEBUG Fetch fetch BSC block, height=6118938
2021-10-13 03:50:18 DEBUG Fetch fetch BSC block, height=6118939
2021-10-13 03:50:18 DEBUG Fetch fetch BSC block, height=6118940
2021-10-13 03:50:19 DEBUG Fetch fetch BSC block, height=6118941
2021-10-13 03:50:20 DEBUG Fetch fetch BSC block, height=6118942
2021-10-13 03:50:20 DEBUG Fetch fetch BSC block, height=6118943
2021-10-13 03:50:21 DEBUG Fetch fetch BSC block, height=6118944
2021-10-13 03:50:21 DEBUG Fetch fetch BSC block, height=6118945
2021-10-13 03:50:22 DEBUG Fetch fetch ETH block, height=8018001
2021-10-13 03:50:22 DEBUG Fetch fetch BSC block, height=6118946
2021-10-13 03:50:22 DEBUG Fetch fetch BSC block, height=6118947
2021-10-13 03:50:23 DEBUG Fetch fetch BSC block, height=6118948
2021-10-13 03:50:23 DEBUG Fetch fetch BSC block, height=6118949
2021-10-13 03:50:24 DEBUG Fetch fetch BSC block, height=6118950
2021-10-13 03:50:24 DEBUG Fetch fetch ETH block error, err=get block info error, height=8018001, err=unknown block
2021-10-13 03:50:24 DEBUG Fetch fetch BSC block, height=6118951
2021-10-13 03:50:25 DEBUG Fetch fetch BSC block, height=6118952
2021-10-13 03:50:25 DEBUG Fetch fetch BSC block, height=6118953
2021-10-13 03:50:26 DEBUG Fetch fetch BSC block, height=6118954
2021-10-13 03:50:26 DEBUG Fetch fetch BSC block, height=6118955
2021-10-13 03:50:27 DEBUG Fetch fetch BSC block, height=6118956
2021-10-13 03:50:27 DEBUG Fetch fetch BSC block, height=6118957
2021-10-13 03:50:28 DEBUG Fetch fetch BSC block, height=6118958
2021-10-13 03:50:28 DEBUG Fetch fetch BSC block, height=6118959
2021-10-13 03:50:29 DEBUG Fetch fetch BSC block, height=6118960
2021-10-13 03:50:29 DEBUG Fetch fetch BSC block, height=6118961
2021-10-13 03:50:30 DEBUG Fetch fetch BSC block, height=6118962
2021-10-13 03:50:31 DEBUG Fetch fetch BSC block, height=6118963
2021-10-13 03:50:32 DEBUG Fetch fetch BSC block, height=6118964
2021-10-13 03:50:33 DEBUG Fetch fetch BSC block, height=6118965
2021-10-13 03:50:33 DEBUG Fetch fetch BSC block, height=6118966
2021-10-13 03:50:34 DEBUG Fetch fetch ETH block, height=8018001
2021-10-13 03:50:34 DEBUG Fetch fetch BSC block, height=6118967
2021-10-13 03:50:34 DEBUG Fetch fetch BSC block, height=6118968
2021-10-13 03:50:35 DEBUG Fetch fetch BSC block, height=6118969
2021-10-13 03:50:35 DEBUG Fetch fetch BSC block, height=6118970
2021-10-13 03:50:36 DEBUG Fetch fetch BSC block, height=6118971
2021-10-13 03:50:36 DEBUG Fetch fetch ETH block error, err=get block info error, height=8018001, err=unknown block
2021-10-13 03:50:36 DEBUG Fetch fetch BSC block, height=6118972
2021-10-13 03:50:37 DEBUG Fetch fetch BSC block, height=6118973
2021-10-13 03:50:37 DEBUG Fetch fetch BSC block, height=6118974
2021-10-13 03:50:38 DEBUG Fetch fetch BSC block, height=6118975
2021-10-13 03:50:38 DEBUG Fetch fetch BSC block, height=6118976
2021-10-13 03:50:39 DEBUG Fetch fetch BSC block, height=6118977
2021-10-13 03:50:39 DEBUG Fetch fetch BSC block, height=6118978
2021-10-13 03:50:40 DEBUG Fetch fetch BSC block, height=6118979
2021-10-13 03:50:40 DEBUG Fetch fetch BSC block, height=6118980
2021-10-13 03:50:41 DEBUG Fetch fetch BSC block, height=6118981
2021-10-13 03:50:41 DEBUG Fetch fetch BSC block, height=6118982
2021-10-13 03:50:41 DEBUG Fetch fetch BSC block, height=6118983
2021-10-13 03:50:42 DEBUG Fetch fetch BSC block, height=6118984
2021-10-13 03:50:42 DEBUG Fetch fetch BSC block, height=6118985
2021-10-13 03:50:43 DEBUG Fetch fetch BSC block, height=6118986
2021-10-13 03:50:43 DEBUG Fetch fetch BSC block, height=6118987
2021-10-13 03:50:44 DEBUG Fetch fetch BSC block, height=6118988
2021-10-13 03:50:44 DEBUG Fetch fetch BSC block, height=6118989
2021-10-13 03:50:45 DEBUG Fetch fetch BSC block, height=6118990
2021-10-13 03:50:45 DEBUG Fetch fetch BSC block, height=6118991
2021-10-13 03:50:45 DEBUG Fetch fetch BSC block, height=6118992
2021-10-13 03:50:46 DEBUG Fetch fetch BSC block, height=6118993
2021-10-13 03:50:46 DEBUG Fetch fetch ETH block, height=8018001
2021-10-13 03:50:47 DEBUG Fetch fetch BSC block, height=6118994
2021-10-13 03:50:47 DEBUG Fetch fetch BSC block, height=6118995
2021-10-13 03:50:48 DEBUG Fetch fetch BSC block, height=6118996
2021-10-13 03:50:48 DEBUG Fetch fetch BSC block, height=6118997
2021-10-13 03:50:48 DEBUG Fetch fetch ETH block error, err=get block info error, height=8018001, err=unknown block
2021-10-13 03:50:48 DEBUG Fetch fetch BSC block, height=6118998
2021-10-13 03:50:49 DEBUG Fetch fetch BSC block, height=6118999
2021-10-13 03:50:50 DEBUG Fetch fetch BSC block, height=6119000
2021-10-13 03:50:51 DEBUG Fetch fetch BSC block, height=6119001
2021-10-13 03:50:52 DEBUG Fetch fetch BSC block, height=6119002
2021-10-13 03:50:53 DEBUG Fetch fetch BSC block, height=6119003
2021-10-13 03:50:53 DEBUG Fetch fetch BSC block, height=6119004
2021-10-13 03:50:54 DEBUG Fetch fetch BSC block, height=6119005
2021-10-13 03:50:54 DEBUG Fetch fetch BSC block, height=6119006
2021-10-13 03:50:55 DEBUG Fetch fetch BSC block, height=6119007
2021-10-13 03:50:56 DEBUG Fetch fetch BSC block, height=6119008
2021-10-13 03:50:56 DEBUG Fetch fetch BSC block, height=6119009
2021-10-13 03:50:56 DEBUG Fetch fetch BSC block, height=6119010
2021-10-13 03:50:57 DEBUG Fetch fetch BSC block, height=6119011
2021-10-13 03:50:57 DEBUG Fetch fetch BSC block, height=6119012
2021-10-13 03:50:58 DEBUG Fetch fetch BSC block, height=6119013
2021-10-13 03:50:58 DEBUG Fetch fetch ETH block, height=8018001
2021-10-13 03:50:58 DEBUG Fetch fetch BSC block, height=6119014
2021-10-13 03:50:59 DEBUG Fetch fetch BSC block, height=6119015
2021-10-13 03:51:00 DEBUG Fetch fetch BSC block, height=6119016
2021-10-13 03:51:00 DEBUG Fetch fetch BSC block, height=6119017
2021-10-13 03:51:01 DEBUG Fetch fetch ETH block error, err=get block info error, height=8018001, err=unknown block
2021-10-13 03:51:01 DEBUG Fetch fetch BSC block, height=6119018
2021-10-13 03:51:01 DEBUG Fetch fetch BSC block, height=6119019
2021-10-13 03:51:02 DEBUG Fetch fetch BSC block, height=6119020
2021-10-13 03:51:02 DEBUG Fetch fetch BSC block, height=6119021
2021-10-13 03:51:03 DEBUG Fetch fetch BSC block, height=6119022
2021-10-13 03:51:03 DEBUG Fetch fetch BSC block, height=6119023
2021-10-13 03:51:04 DEBUG Fetch fetch BSC block, height=6119024
2021-10-13 03:51:04 DEBUG Fetch fetch BSC block, height=6119025
2021-10-13 03:51:05 DEBUG Fetch fetch BSC block, height=6119026
2021-10-13 03:51:05 DEBUG Fetch fetch BSC block, height=6119027
2021-10-13 03:51:06 DEBUG Fetch fetch BSC block, height=6119028
2021-10-13 03:51:07 DEBUG Fetch fetch BSC block, height=6119029
2021-10-13 03:51:07 DEBUG Fetch fetch BSC block, height=6119030
2021-10-13 03:51:08 DEBUG Fetch fetch BSC block, height=6119031
2021-10-13 03:51:08 DEBUG Fetch fetch BSC block, height=6119032
2021-10-13 03:51:09 DEBUG Fetch fetch BSC block, height=6119033
2021-10-13 03:51:09 DEBUG Fetch fetch BSC block, height=6119034
2021-10-13 03:51:10 DEBUG Fetch fetch BSC block, height=6119035
2021-10-13 03:51:10 DEBUG Fetch fetch BSC block, height=6119036
2021-10-13 03:51:11 DEBUG Fetch fetch ETH block, height=8018001
2021-10-13 03:51:11 DEBUG Fetch fetch BSC block, height=6119037
2021-10-13 03:51:12 DEBUG Fetch fetch BSC block, height=6119038
2021-10-13 03:51:12 DEBUG Fetch fetch BSC block, height=6119039
2021-10-13 03:51:12 DEBUG Fetch fetch BSC block, height=6119040
2021-10-13 03:51:13 DEBUG Fetch fetch BSC block, height=6119041
2021-10-13 03:51:13 DEBUG Fetch fetch ETH block error, err=get block info error, height=8018001, err=unknown block
2021-10-13 03:51:13 DEBUG Fetch fetch BSC block, height=6119042
2021-10-13 03:51:14 DEBUG Fetch fetch BSC block, height=6119043
2021-10-13 03:51:14 DEBUG Fetch fetch BSC block, height=6119044
2021-10-13 03:51:15 DEBUG Fetch fetch BSC block, height=6119045
2021-10-13 03:51:15 DEBUG Fetch fetch BSC block, height=6119046
2021-10-13 03:51:16 DEBUG Fetch fetch BSC block, height=6119047
2021-10-13 03:51:17 DEBUG Fetch fetch BSC block, height=6119048
2021-10-13 03:51:17 DEBUG Fetch fetch BSC block, height=6119049
2021-10-13 03:51:17 DEBUG Fetch fetch BSC block, height=6119050
2021-10-13 03:51:18 DEBUG Fetch fetch BSC block, height=6119051
2021-10-13 03:51:18 DEBUG Fetch fetch BSC block, height=6119052
2021-10-13 03:51:19 DEBUG Fetch fetch BSC block, height=6119053
2021-10-13 03:51:19 DEBUG Fetch fetch BSC block, height=6119054
2021-10-13 03:51:20 DEBUG Fetch fetch BSC block, height=6119055
2021-10-13 03:51:21 DEBUG Fetch fetch BSC block, height=6119056
2021-10-13 03:51:21 DEBUG Fetch fetch BSC block, height=6119057
2021-10-13 03:51:21 DEBUG Fetch fetch BSC block, height=6119058
2021-10-13 03:51:22 DEBUG Fetch fetch BSC block, height=6119059
2021-10-13 03:51:22 DEBUG Fetch fetch BSC block, height=6119060
2021-10-13 03:51:23 DEBUG Fetch fetch ETH block, height=8018001
2021-10-13 03:51:23 DEBUG Fetch fetch BSC block, height=6119061
2021-10-13 03:51:23 DEBUG Fetch fetch BSC block, height=6119062
2021-10-13 03:51:24 DEBUG Fetch fetch BSC block, height=6119063
2021-10-13 03:51:25 DEBUG Fetch fetch BSC block, height=6119064
2021-10-13 03:51:25 DEBUG Fetch fetch ETH block error, err=get block info error, height=8018001, err=unknown block
2021-10-13 03:51:26 DEBUG Fetch fetch BSC block, height=6119065
2021-10-13 03:51:27 DEBUG Fetch fetch BSC block, height=6119066
2021-10-13 03:51:27 DEBUG Fetch fetch BSC block, height=6119067
2021-10-13 03:51:28 DEBUG Fetch fetch BSC block, height=6119068
2021-10-13 03:51:28 DEBUG Fetch fetch BSC block, height=6119069
2021-10-13 03:51:29 DEBUG Fetch fetch BSC block, height=6119070
2021-10-13 03:51:29 DEBUG Fetch fetch BSC block, height=6119071
2021-10-13 03:51:30 DEBUG Fetch fetch BSC block, height=6119072
2021-10-13 03:51:31 DEBUG Fetch fetch BSC block, height=6119073
2021-10-13 03:51:31 DEBUG Fetch fetch BSC block, height=6119074
2021-10-13 03:51:32 DEBUG Fetch fetch BSC block, height=6119075
2021-10-13 03:51:32 DEBUG Fetch fetch BSC block, height=6119076
2021-10-13 03:51:32 DEBUG Fetch fetch BSC block, height=6119077
2021-10-13 03:51:33 DEBUG Fetch fetch BSC block, height=6119078
2021-10-13 03:51:33 DEBUG Fetch fetch BSC block, height=6119079
2021-10-13 03:51:34 DEBUG Fetch fetch BSC block, height=6119080
2021-10-13 03:51:34 DEBUG Fetch fetch BSC block, height=6119081
2021-10-13 03:51:35 DEBUG Fetch fetch BSC block, height=6119082
2021-10-13 03:51:35 DEBUG Fetch fetch BSC block, height=6119083
2021-10-13 03:51:35 DEBUG Fetch fetch ETH block, height=8018001
2021-10-13 03:51:36 DEBUG Fetch fetch BSC block, height=6119084
2021-10-13 03:51:36 DEBUG Fetch fetch BSC block, height=6119085
2021-10-13 03:51:37 DEBUG Fetch fetch BSC block, height=6119086
2021-10-13 03:51:37 DEBUG Fetch fetch BSC block, height=6119087
2021-10-13 03:51:37 DEBUG Fetch fetch ETH block error, err=get block info error, height=8018001, err=unknown block
2021-10-13 03:51:38 DEBUG Fetch fetch BSC block, height=6119088
2021-10-13 03:51:38 DEBUG Fetch fetch BSC block, height=6119089
2021-10-13 03:51:39 DEBUG Fetch fetch BSC block, height=6119090
2021-10-13 03:51:39 DEBUG Fetch fetch BSC block, height=6119091
2021-10-13 03:51:40 DEBUG Fetch fetch BSC block, height=6119092
2021-10-13 03:51:41 DEBUG Fetch fetch BSC block, height=6119093
2021-10-13 03:51:41 DEBUG Fetch fetch BSC block, height=6119094
2021-10-13 03:51:42 DEBUG Fetch fetch BSC block, height=6119095
2021-10-13 03:51:43 DEBUG Fetch fetch BSC block, height=6119096
2021-10-13 03:51:44 DEBUG Fetch fetch BSC block, height=6119097
2021-10-13 03:51:45 DEBUG Fetch fetch BSC block, height=6119098
2021-10-13 03:51:46 DEBUG Fetch fetch BSC block, height=6119099
2021-10-13 03:51:47 DEBUG Fetch fetch BSC block, height=6119100
2021-10-13 03:51:47 DEBUG Fetch fetch ETH block, height=8018001
2021-10-13 03:51:47 DEBUG Fetch fetch BSC block, height=6119101
2021-10-13 03:51:48 DEBUG Fetch fetch BSC block, height=6119102
2021-10-13 03:51:48 DEBUG Fetch fetch BSC block, height=6119103
2021-10-13 03:51:49 DEBUG Fetch fetch BSC block, height=6119104
2021-10-13 03:51:49 DEBUG Fetch fetch BSC block, height=6119105
2021-10-13 03:51:49 DEBUG Fetch fetch ETH block error, err=get block info error, height=8018001, err=unknown block
2021-10-13 03:51:50 DEBUG Fetch fetch BSC block, height=6119106
2021-10-13 03:51:51 DEBUG Fetch fetch BSC block, height=6119107
2021-10-13 03:51:51 DEBUG Fetch fetch BSC block, height=6119108
2021-10-13 03:51:52 DEBUG Fetch fetch BSC block, height=6119109
2021-10-13 03:51:52 DEBUG Fetch fetch BSC block, height=6119110
2021-10-13 03:51:53 DEBUG Fetch fetch BSC block, height=6119111
2021-10-13 03:51:53 DEBUG Fetch fetch BSC block, height=6119112
2021-10-13 03:51:53 DEBUG Fetch fetch BSC block, height=6119113
2021-10-13 03:51:54 DEBUG Fetch fetch BSC block, height=6119114
2021-10-13 03:51:54 DEBUG Fetch fetch BSC block, height=6119115
2021-10-13 03:51:55 DEBUG Fetch fetch BSC block, height=6119116
2021-10-13 03:51:55 DEBUG Fetch fetch BSC block, height=6119117
2021-10-13 03:51:56 DEBUG Fetch fetch BSC block, height=6119118
2021-10-13 03:51:56 DEBUG Fetch fetch BSC block, height=6119119
2021-10-13 03:51:57 DEBUG Fetch fetch BSC block, height=6119120
2021-10-13 03:51:57 DEBUG Fetch fetch BSC block, height=6119121
2021-10-13 03:51:58 DEBUG Fetch fetch BSC block, height=6119122
2021-10-13 03:51:58 DEBUG Fetch fetch BSC block, height=6119123
2021-10-13 03:51:59 DEBUG Fetch fetch BSC block, height=6119124
2021-10-13 03:51:59 DEBUG Fetch fetch BSC block, height=6119125
2021-10-13 03:51:59 DEBUG Fetch fetch BSC block, height=6119126
2021-10-13 03:51:59 DEBUG Fetch fetch ETH block, height=8018001
2021-10-13 03:52:00 DEBUG Fetch fetch BSC block, height=6119127
2021-10-13 03:52:00 DEBUG Fetch fetch BSC block, height=6119128
2021-10-13 03:52:01 DEBUG Fetch fetch BSC block, height=6119129
2021-10-13 03:52:01 DEBUG Fetch fetch BSC block, height=6119130
2021-10-13 03:52:02 DEBUG Fetch fetch ETH block error, err=get block info error, height=8018001, err=unknown block
2021-10-13 03:52:02 DEBUG Fetch fetch BSC block, height=6119131
2021-10-13 03:52:02 DEBUG Fetch fetch BSC block, height=6119132
2021-10-13 03:52:03 DEBUG Fetch fetch BSC block, height=6119133
2021-10-13 03:52:03 DEBUG Fetch fetch BSC block, height=6119134
2021-10-13 03:52:04 DEBUG Fetch fetch BSC block, height=6119135
2021-10-13 03:52:04 DEBUG Fetch fetch BSC block, height=6119136
2021-10-13 03:52:05 DEBUG Fetch fetch BSC block, height=6119137
2021-10-13 03:52:05 DEBUG Fetch fetch BSC block, height=6119138
2021-10-13 03:52:06 DEBUG Fetch fetch BSC block, height=6119139
2021-10-13 03:52:06 DEBUG Fetch fetch BSC block, height=6119140
2021-10-13 03:52:07 DEBUG Fetch fetch BSC block, height=6119141
2021-10-13 03:52:07 DEBUG Fetch fetch BSC block, height=6119142
2021-10-13 03:52:08 DEBUG Fetch fetch BSC block, height=6119143
2021-10-13 03:52:08 DEBUG Fetch fetch BSC block, height=6119144
2021-10-13 03:52:09 DEBUG Fetch fetch BSC block, height=6119145
2021-10-13 03:52:09 DEBUG Fetch fetch BSC block, height=6119146
2021-10-13 03:52:10 DEBUG Fetch fetch BSC block, height=6119147
2021-10-13 03:52:10 DEBUG Fetch fetch BSC block, height=6119148
2021-10-13 03:52:11 DEBUG Fetch fetch BSC block, height=6119149
2021-10-13 03:52:11 DEBUG Fetch fetch BSC block, height=6119150
2021-10-13 03:52:12 DEBUG Fetch fetch ETH block, height=8018001
2021-10-13 03:52:12 DEBUG Fetch fetch BSC block, height=6119151
2021-10-13 03:52:12 DEBUG Fetch fetch BSC block, height=6119152
2021-10-13 03:52:13 DEBUG Fetch fetch BSC block, height=6119153
2021-10-13 03:52:14 DEBUG Fetch fetch BSC block, height=6119154
2021-10-13 03:52:14 DEBUG Fetch fetch ETH block error, err=get block info error, height=8018001, err=unknown block
2021-10-13 03:52:14 DEBUG Fetch fetch BSC block, height=6119155
2021-10-13 03:52:15 DEBUG Fetch fetch BSC block, height=6119156
2021-10-13 03:52:16 DEBUG Fetch fetch BSC block, height=6119157
2021-10-13 03:52:16 DEBUG Fetch fetch BSC block, height=6119158
2021-10-13 03:52:17 DEBUG Fetch fetch BSC block, height=6119159
2021-10-13 03:52:17 DEBUG Fetch fetch BSC block, height=6119160
2021-10-13 03:52:18 DEBUG Fetch fetch BSC block, height=6119161
2021-10-13 03:52:18 DEBUG Fetch fetch BSC block, height=6119162
2021-10-13 03:52:19 DEBUG Fetch fetch BSC block, height=6119163
2021-10-13 03:52:19 DEBUG Fetch fetch BSC block, height=6119164
2021-10-13 03:52:20 DEBUG Fetch fetch BSC block, height=6119165
2021-10-13 03:52:20 DEBUG Fetch fetch BSC block, height=6119166
2021-10-13 03:52:20 DEBUG Fetch fetch BSC block, height=6119167
2021-10-13 03:52:21 DEBUG Fetch fetch BSC block, height=6119168
2021-10-13 03:52:21 DEBUG Fetch fetch BSC block, height=6119169
2021-10-13 03:52:22 DEBUG Fetch fetch BSC block, height=6119170
2021-10-13 03:52:22 DEBUG Fetch fetch BSC block, height=6119171
2021-10-13 03:52:23 DEBUG Fetch fetch BSC block, height=6119172
2021-10-13 03:52:23 DEBUG Fetch fetch BSC block, height=6119173
2021-10-13 03:52:24 DEBUG Fetch fetch BSC block, height=6119174
2021-10-13 03:52:24 DEBUG Fetch fetch ETH block, height=8018001
2021-10-13 03:52:24 DEBUG Fetch fetch BSC block, height=6119175
2021-10-13 03:52:24 DEBUG Fetch fetch BSC block, height=6119176
2021-10-13 03:52:25 DEBUG Fetch fetch BSC block, height=6119177
2021-10-13 03:52:26 DEBUG Fetch fetch BSC block, height=6119178
2021-10-13 03:52:26 DEBUG Fetch fetch ETH block error, err=get block info error, height=8018001, err=unknown block
2021-10-13 03:52:27 DEBUG Fetch fetch BSC block, height=6119179
2021-10-13 03:52:27 DEBUG Fetch fetch BSC block, height=6119180
2021-10-13 03:52:28 DEBUG Fetch fetch BSC block, height=6119181
2021-10-13 03:52:29 DEBUG Fetch fetch BSC block, height=6119182
2021-10-13 03:52:30 DEBUG Fetch fetch BSC block, height=6119183
2021-10-13 03:52:31 DEBUG Fetch fetch BSC block, height=6119184
2021-10-13 03:52:31 DEBUG Fetch fetch BSC block, height=6119185
2021-10-13 03:52:32 DEBUG Fetch fetch BSC block, height=6119186
2021-10-13 03:52:33 DEBUG Fetch fetch BSC block, height=6119187
2021-10-13 03:52:33 DEBUG Fetch fetch BSC block, height=6119188
2021-10-13 03:52:34 DEBUG Fetch fetch BSC block, height=6119189
2021-10-13 03:52:34 DEBUG Fetch fetch BSC block, height=6119190
2021-10-13 03:52:35 DEBUG Fetch fetch BSC block, height=6119191
2021-10-13 03:52:35 DEBUG Fetch fetch BSC block, height=6119192
2021-10-13 03:52:36 DEBUG Fetch fetch BSC block, height=6119193
2021-10-13 03:52:36 DEBUG Fetch fetch ETH block, height=8018001
2021-10-13 03:52:36 DEBUG Fetch fetch BSC block, height=6119194
2021-10-13 03:52:37 DEBUG Fetch fetch BSC block, height=6119195
2021-10-13 03:52:37 DEBUG Fetch fetch BSC block, height=6119196
2021-10-13 03:52:38 DEBUG Fetch fetch BSC block, height=6119197
2021-10-13 03:52:38 DEBUG Fetch fetch BSC block, height=6119198
2021-10-13 03:52:38 DEBUG Fetch fetch ETH block error, err=get block info error, height=8018001, err=unknown block
2021-10-13 03:52:39 DEBUG Fetch fetch BSC block, height=6119199
2021-10-13 03:52:39 DEBUG Fetch fetch BSC block, height=6119200
2021-10-13 03:52:40 DEBUG Fetch fetch BSC block, height=6119201
2021-10-13 03:52:40 DEBUG Fetch fetch BSC block, height=6119202
2021-10-13 03:52:41 DEBUG Fetch fetch BSC block, height=6119203
2021-10-13 03:52:41 DEBUG Fetch fetch BSC block, height=6119204
2021-10-13 03:52:42 DEBUG Fetch fetch BSC block, height=6119205
2021-10-13 03:52:42 DEBUG Fetch fetch BSC block, height=6119206
2021-10-13 03:52:43 DEBUG Fetch fetch BSC block, height=6119207
2021-10-13 03:52:43 DEBUG Fetch fetch BSC block, height=6119208
2021-10-13 03:52:44 DEBUG Fetch fetch BSC block, height=6119209
2021-10-13 03:52:44 DEBUG Fetch fetch BSC block, height=6119210
2021-10-13 03:52:45 DEBUG Fetch fetch BSC block, height=6119211
2021-10-13 03:52:45 DEBUG Fetch fetch BSC block, height=6119212
2021-10-13 03:52:46 DEBUG Fetch fetch BSC block, height=6119213
2021-10-13 03:52:46 DEBUG Fetch fetch BSC block, height=6119214
2021-10-13 03:52:47 DEBUG Fetch fetch BSC block, height=6119215
2021-10-13 03:52:47 DEBUG Fetch fetch BSC block, height=6119216
2021-10-13 03:52:48 DEBUG Fetch fetch BSC block, height=6119217
2021-10-13 03:52:48 DEBUG Fetch fetch BSC block, height=6119218
2021-10-13 03:52:48 DEBUG Fetch fetch ETH block, height=8018001
2021-10-13 03:52:49 DEBUG Fetch fetch BSC block, height=6119219
2021-10-13 03:52:49 DEBUG Fetch fetch BSC block, height=6119220
2021-10-13 03:52:50 DEBUG Fetch fetch BSC block, height=6119221
2021-10-13 03:52:50 DEBUG Fetch fetch BSC block, height=6119222
2021-10-13 03:52:51 DEBUG Fetch fetch ETH block error, err=get block info error, height=8018001, err=unknown block
2021-10-13 03:52:51 DEBUG Fetch fetch BSC block, height=6119223
2021-10-13 03:52:51 DEBUG Fetch fetch BSC block, height=6119224
2021-10-13 03:52:52 DEBUG Fetch fetch BSC block, height=6119225
2021-10-13 03:52:52 DEBUG Fetch fetch BSC block, height=6119226
2021-10-13 03:52:53 DEBUG Fetch fetch BSC block, height=6119227
2021-10-13 03:52:53 DEBUG Fetch fetch BSC block, height=6119228
2021-10-13 03:52:54 DEBUG Fetch fetch BSC block, height=6119229
2021-10-13 03:52:54 DEBUG Fetch fetch BSC block, height=6119230
2021-10-13 03:52:55 DEBUG Fetch fetch BSC block, height=6119231
2021-10-13 03:52:55 DEBUG Fetch fetch BSC block, height=6119232
2021-10-13 03:52:56 DEBUG Fetch fetch BSC block, height=6119233
2021-10-13 03:52:56 DEBUG Fetch fetch BSC block, height=6119234
2021-10-13 03:52:57 DEBUG Fetch fetch BSC block, height=6119235
2021-10-13 03:52:57 DEBUG Fetch fetch BSC block, height=6119236
2021-10-13 03:52:58 DEBUG Fetch fetch BSC block, height=6119237
2021-10-13 03:52:58 DEBUG Fetch fetch BSC block, height=6119238
2021-10-13 03:52:59 DEBUG Fetch fetch BSC block, height=6119239
2021-10-13 03:53:00 DEBUG Fetch fetch BSC block, height=6119240
2021-10-13 03:53:00 DEBUG Fetch fetch BSC block, height=6119241
2021-10-13 03:53:01 DEBUG Fetch fetch ETH block, height=8018001
2021-10-13 03:53:01 DEBUG Fetch fetch BSC block, height=6119242
2021-10-13 03:53:02 DEBUG Fetch fetch BSC block, height=6119243
2021-10-13 03:53:02 DEBUG Fetch fetch BSC block, height=6119244
2021-10-13 03:53:03 DEBUG Fetch fetch ETH block error, err=get block info error, height=8018001, err=unknown block
2021-10-13 03:53:03 DEBUG Fetch fetch BSC block, height=6119245
2021-10-13 03:53:03 DEBUG Fetch fetch BSC block, height=6119246
2021-10-13 03:53:04 DEBUG Fetch fetch BSC block, height=6119247
2021-10-13 03:53:04 DEBUG Fetch fetch BSC block, height=6119248
2021-10-13 03:53:05 DEBUG Fetch fetch BSC block, height=6119249
2021-10-13 03:53:05 DEBUG Fetch fetch BSC block, height=6119250
2021-10-13 03:53:06 DEBUG Fetch fetch BSC block, height=6119251
2021-10-13 03:53:07 DEBUG Fetch fetch BSC block, height=6119252
2021-10-13 03:53:07 DEBUG Fetch fetch BSC block, height=6119253
2021-10-13 03:53:08 DEBUG Fetch fetch BSC block, height=6119254
2021-10-13 03:53:08 DEBUG Fetch fetch BSC block, height=6119255
2021-10-13 03:53:09 DEBUG Fetch fetch BSC block, height=6119256
2021-10-13 03:53:09 DEBUG Fetch fetch BSC block, height=6119257
2021-10-13 03:53:10 DEBUG Fetch fetch BSC block, height=6119258
2021-10-13 03:53:10 DEBUG Fetch fetch BSC block, height=6119259
2021-10-13 03:53:10 DEBUG Fetch fetch BSC block, height=6119260
2021-10-13 03:53:11 DEBUG Fetch fetch BSC block, height=6119261
2021-10-13 03:53:11 DEBUG Fetch fetch BSC block, height=6119262
2021-10-13 03:53:12 DEBUG Fetch fetch BSC block, height=6119263
2021-10-13 03:53:12 DEBUG Fetch fetch BSC block, height=6119264
2021-10-13 03:53:13 DEBUG Fetch fetch BSC block, height=6119265
2021-10-13 03:53:13 DEBUG Fetch fetch ETH block, height=8018001
2021-10-13 03:53:13 DEBUG Fetch fetch BSC block, height=6119266
2021-10-13 03:53:14 DEBUG Fetch fetch BSC block, height=6119267
2021-10-13 03:53:14 DEBUG Fetch fetch BSC block, height=6119268
2021-10-13 03:53:15 DEBUG Fetch fetch BSC block, height=6119269
2021-10-13 03:53:15 DEBUG Fetch fetch ETH block error, err=get block info error, height=8018001, err=unknown block
2021-10-13 03:53:16 DEBUG Fetch fetch BSC block, height=6119270
2021-10-13 03:53:17 DEBUG Fetch fetch BSC block, height=6119271
2021-10-13 03:53:17 DEBUG Fetch fetch BSC block, height=6119272
2021-10-13 03:53:18 DEBUG Fetch fetch BSC block, height=6119273
2021-10-13 03:53:18 DEBUG Fetch fetch BSC block, height=6119274
2021-10-13 03:53:19 DEBUG Fetch fetch BSC block, height=6119275
2021-10-13 03:53:19 DEBUG Fetch fetch BSC block, height=6119276
2021-10-13 03:53:20 DEBUG Fetch fetch BSC block, height=6119277
2021-10-13 03:53:20 DEBUG Fetch fetch BSC block, height=6119278
2021-10-13 03:53:21 DEBUG Fetch fetch BSC block, height=6119279
2021-10-13 03:53:22 DEBUG Fetch fetch BSC block, height=6119280
2021-10-13 03:53:22 DEBUG Fetch fetch BSC block, height=6119281
2021-10-13 03:53:23 DEBUG Fetch fetch BSC block, height=6119282
2021-10-13 03:53:23 DEBUG Fetch fetch BSC block, height=6119283
2021-10-13 03:53:24 DEBUG Fetch fetch BSC block, height=6119284
2021-10-13 03:53:24 DEBUG Fetch fetch BSC block, height=6119285
2021-10-13 03:53:25 DEBUG Fetch fetch BSC block, height=6119286
2021-10-13 03:53:25 DEBUG Fetch fetch ETH block, height=8018001
2021-10-13 03:53:26 DEBUG Fetch fetch BSC block, height=6119287
2021-10-13 03:53:27 DEBUG Fetch fetch BSC block, height=6119288
2021-10-13 03:53:27 DEBUG Fetch fetch BSC block, height=6119289
2021-10-13 03:53:28 DEBUG Fetch fetch BSC block, height=6119290
2021-10-13 03:53:28 DEBUG Fetch fetch ETH block error, err=get block info error, height=8018001, err=unknown block
2021-10-13 03:53:28 DEBUG Fetch fetch BSC block, height=6119291
2021-10-13 03:53:28 DEBUG Fetch fetch BSC block, height=6119292
2021-10-13 03:53:29 DEBUG Fetch fetch BSC block, height=6119293
2021-10-13 03:53:29 DEBUG Fetch fetch BSC block, height=6119294
2021-10-13 03:53:30 DEBUG Fetch fetch BSC block, height=6119295
2021-10-13 03:53:30 DEBUG Fetch fetch BSC block, height=6119296
2021-10-13 03:53:31 DEBUG Fetch fetch BSC block, height=6119297
2021-10-13 03:53:31 DEBUG Fetch fetch BSC block, height=6119298
2021-10-13 03:53:32 DEBUG Fetch fetch BSC block, height=6119299
2021-10-13 03:53:32 DEBUG Fetch fetch BSC block, height=6119300
2021-10-13 03:53:33 DEBUG Fetch fetch BSC block, height=6119301
2021-10-13 03:53:33 DEBUG Fetch fetch BSC block, height=6119302
2021-10-13 03:53:34 DEBUG Fetch fetch BSC block, height=6119303
2021-10-13 03:53:35 DEBUG Fetch fetch BSC block, height=6119304
2021-10-13 03:53:35 DEBUG Fetch fetch BSC block, height=6119305
2021-10-13 03:53:35 DEBUG Fetch fetch BSC block, height=6119306
2021-10-13 03:53:36 DEBUG Fetch fetch BSC block, height=6119307
2021-10-13 03:53:36 DEBUG Fetch fetch BSC block, height=6119308
2021-10-13 03:53:37 DEBUG Fetch fetch BSC block, height=6119309
2021-10-13 03:53:37 DEBUG Fetch fetch BSC block, height=6119310
2021-10-13 03:53:38 DEBUG Fetch fetch ETH block, height=8018001
2021-10-13 03:53:38 DEBUG Fetch fetch BSC block, height=6119311
2021-10-13 03:53:39 DEBUG Fetch fetch BSC block, height=6119312
2021-10-13 03:53:39 DEBUG Fetch fetch BSC block, height=6119313
2021-10-13 03:53:40 DEBUG Fetch fetch BSC block, height=6119314
2021-10-13 03:53:40 DEBUG Fetch fetch ETH block error, err=get block info error, height=8018001, err=unknown block
2021-10-13 03:53:40 DEBUG Fetch fetch BSC block, height=6119315
2021-10-13 03:53:41 DEBUG Fetch fetch BSC block, height=6119316
2021-10-13 03:53:41 DEBUG Fetch fetch BSC block, height=6119317
2021-10-13 03:53:41 DEBUG Fetch fetch BSC block, height=6119318
2021-10-13 03:53:42 DEBUG Fetch fetch BSC block, height=6119319
2021-10-13 03:53:42 DEBUG Fetch fetch BSC block, height=6119320
2021-10-13 03:53:43 DEBUG Fetch fetch BSC block, height=6119321
2021-10-13 03:53:43 DEBUG Fetch fetch BSC block, height=6119322
2021-10-13 03:53:44 DEBUG Fetch fetch BSC block, height=6119323
2021-10-13 03:53:44 DEBUG Fetch fetch BSC block, height=6119324
2021-10-13 03:53:45 DEBUG Fetch fetch BSC block, height=6119325
2021-10-13 03:53:45 DEBUG Fetch fetch BSC block, height=6119326
2021-10-13 03:53:46 DEBUG Fetch fetch BSC block, height=6119327
2021-10-13 03:53:46 DEBUG Fetch fetch BSC block, height=6119328
2021-10-13 03:53:47 DEBUG Fetch fetch BSC block, height=6119329
2021-10-13 03:53:47 DEBUG Fetch fetch BSC block, height=6119330
2021-10-13 03:53:48 DEBUG Fetch fetch BSC block, height=6119331
2021-10-13 03:53:48 DEBUG Fetch fetch BSC block, height=6119332
2021-10-13 03:53:49 DEBUG Fetch fetch BSC block, height=6119333
2021-10-13 03:53:49 DEBUG Fetch fetch BSC block, height=6119334
2021-10-13 03:53:50 DEBUG Fetch fetch BSC block, height=6119335
2021-10-13 03:53:50 DEBUG Fetch fetch ETH block, height=8018001
2021-10-13 03:53:50 DEBUG Fetch fetch BSC block, height=6119336
2021-10-13 03:53:51 DEBUG Fetch fetch BSC block, height=6119337
2021-10-13 03:53:52 DEBUG Fetch fetch BSC block, height=6119338
2021-10-13 03:53:52 DEBUG Fetch fetch BSC block, height=6119339
2021-10-13 03:53:52 DEBUG Fetch fetch ETH block error, err=get block info error, height=8018001, err=unknown block
2021-10-13 03:53:53 DEBUG Fetch fetch BSC block, height=6119340
2021-10-13 03:53:54 DEBUG Fetch fetch BSC block, height=6119341
2021-10-13 03:53:55 DEBUG Fetch fetch BSC block, height=6119342
2021-10-13 03:53:55 DEBUG Fetch fetch BSC block, height=6119343
2021-10-13 03:53:56 DEBUG Fetch fetch BSC block, height=6119344
2021-10-13 03:53:57 DEBUG Fetch fetch BSC block, height=6119345
2021-10-13 03:53:58 DEBUG Fetch fetch BSC block, height=6119346
2021-10-13 03:53:58 DEBUG Fetch fetch BSC block, height=6119347
2021-10-13 03:53:59 DEBUG Fetch fetch BSC block, height=6119348
2021-10-13 03:53:59 DEBUG Fetch fetch BSC block, height=6119349
2021-10-13 03:54:00 DEBUG Fetch fetch BSC block, height=6119350
2021-10-13 03:54:00 DEBUG Fetch fetch BSC block, height=6119351
2021-10-13 03:54:01 DEBUG Fetch fetch BSC block, height=6119352
2021-10-13 03:54:01 DEBUG Fetch fetch BSC block, height=6119353
2021-10-13 03:54:02 DEBUG Fetch fetch BSC block, height=6119354
2021-10-13 03:54:02 DEBUG Fetch fetch ETH block, height=8018001
2021-10-13 03:54:02 DEBUG Fetch fetch BSC block, height=6119355
2021-10-13 03:54:03 DEBUG Fetch fetch BSC block, height=6119356
2021-10-13 03:54:03 DEBUG Fetch fetch BSC block, height=6119357
2021-10-13 03:54:04 DEBUG Fetch fetch BSC block, height=6119358
2021-10-13 03:54:04 DEBUG Fetch fetch BSC block, height=6119359
2021-10-13 03:54:05 DEBUG Fetch fetch ETH block error, err=get block info error, height=8018001, err=unknown block
2021-10-13 03:54:05 DEBUG Fetch fetch BSC block, height=6119360
2021-10-13 03:54:05 DEBUG Fetch fetch BSC block, height=6119361
2021-10-13 03:54:06 DEBUG Fetch fetch BSC block, height=6119362
2021-10-13 03:54:07 DEBUG Fetch fetch BSC block, height=6119363
2021-10-13 03:54:07 DEBUG Fetch fetch BSC block, height=6119364
2021-10-13 03:54:08 DEBUG Fetch fetch BSC block, height=6119365
2021-10-13 03:54:08 DEBUG Fetch fetch BSC block, height=6119366
2021-10-13 03:54:09 DEBUG Fetch fetch BSC block, height=6119367
2021-10-13 03:54:10 DEBUG Fetch fetch BSC block, height=6119368
2021-10-13 03:54:11 DEBUG Fetch fetch BSC block, height=6119369
2021-10-13 03:54:11 DEBUG Fetch fetch BSC block, height=6119370
2021-10-13 03:54:12 DEBUG Fetch fetch BSC block, height=6119371
2021-10-13 03:54:12 DEBUG Fetch fetch BSC block, height=6119372
2021-10-13 03:54:13 DEBUG Fetch fetch BSC block, height=6119373
2021-10-13 03:54:13 DEBUG Fetch fetch BSC block, height=6119374
2021-10-13 03:54:14 DEBUG Fetch fetch BSC block, height=6119375
2021-10-13 03:54:15 DEBUG Fetch fetch ETH block, height=8018001
2021-10-13 03:54:15 DEBUG Fetch fetch BSC block, height=6119376
2021-10-13 03:54:15 DEBUG Fetch fetch BSC block, height=6119377
2021-10-13 03:54:16 DEBUG Fetch fetch BSC block, height=6119378
2021-10-13 03:54:17 DEBUG Fetch fetch BSC block, height=6119379
2021-10-13 03:54:17 DEBUG Fetch fetch ETH block error, err=get block info error, height=8018001, err=unknown block
2021-10-13 03:54:17 DEBUG Fetch fetch BSC block, height=6119380
2021-10-13 03:54:18 DEBUG Fetch fetch BSC block, height=6119381
2021-10-13 03:54:18 DEBUG Fetch fetch BSC block, height=6119382
2021-10-13 03:54:19 DEBUG Fetch fetch BSC block, height=6119383
2021-10-13 03:54:19 DEBUG Fetch fetch BSC block, height=6119384
2021-10-13 03:54:20 DEBUG Fetch fetch BSC block, height=6119385
2021-10-13 03:54:20 DEBUG Fetch fetch BSC block, height=6119386
2021-10-13 03:54:21 DEBUG Fetch fetch BSC block, height=6119387
2021-10-13 03:54:21 DEBUG Fetch fetch BSC block, height=6119388
2021-10-13 03:54:21 DEBUG Fetch fetch BSC block, height=6119389
2021-10-13 03:54:22 DEBUG Fetch fetch BSC block, height=6119390
2021-10-13 03:54:23 DEBUG Fetch fetch BSC block, height=6119391
2021-10-13 03:54:24 DEBUG Fetch fetch BSC block, height=6119392
2021-10-13 03:54:24 DEBUG Fetch fetch BSC block, height=6119393
2021-10-13 03:54:25 DEBUG Fetch fetch BSC block, height=6119394
2021-10-13 03:54:25 DEBUG Fetch fetch BSC block, height=6119395
2021-10-13 03:54:26 DEBUG Fetch fetch BSC block, height=6119396
2021-10-13 03:54:26 DEBUG Fetch fetch BSC block, height=6119397
2021-10-13 03:54:27 DEBUG Fetch fetch BSC block, height=6119398
2021-10-13 03:54:27 DEBUG Fetch fetch ETH block, height=8018001
2021-10-13 03:54:27 DEBUG Fetch fetch BSC block, height=6119399
2021-10-13 03:54:27 DEBUG Fetch fetch BSC block, height=6119400
2021-10-13 03:54:28 DEBUG Fetch fetch BSC block, height=6119401
2021-10-13 03:54:29 DEBUG Fetch fetch BSC block, height=6119402
2021-10-13 03:54:29 DEBUG Fetch fetch ETH block error, err=get block info error, height=8018001, err=unknown block
2021-10-13 03:54:29 DEBUG Fetch fetch BSC block, height=6119403
2021-10-13 03:54:30 DEBUG Fetch fetch BSC block, height=6119404
2021-10-13 03:54:30 DEBUG Fetch fetch BSC block, height=6119405
2021-10-13 03:54:31 DEBUG Fetch fetch BSC block, height=6119406
2021-10-13 03:54:32 DEBUG Fetch fetch BSC block, height=6119407
2021-10-13 03:54:32 DEBUG Fetch fetch BSC block, height=6119408
2021-10-13 03:54:33 DEBUG Fetch fetch BSC block, height=6119409
2021-10-13 03:54:33 DEBUG Fetch fetch BSC block, height=6119410
2021-10-13 03:54:34 DEBUG Fetch fetch BSC block, height=6119411
2021-10-13 03:54:34 DEBUG Fetch fetch BSC block, height=6119412
2021-10-13 03:54:35 DEBUG Fetch fetch BSC block, height=6119413
2021-10-13 03:54:35 DEBUG Fetch fetch BSC block, height=6119414
2021-10-13 03:54:36 DEBUG Fetch fetch BSC block, height=6119415
2021-10-13 03:54:37 DEBUG Fetch fetch BSC block, height=6119416
2021-10-13 03:54:37 DEBUG Fetch fetch BSC block, height=6119417
2021-10-13 03:54:38 DEBUG Fetch fetch BSC block, height=6119418
2021-10-13 03:54:39 DEBUG Fetch fetch BSC block, height=6119419
2021-10-13 03:54:39 DEBUG Fetch fetch ETH block, height=8018001
2021-10-13 03:54:40 DEBUG Fetch fetch BSC block, height=6119420
2021-10-13 03:54:40 DEBUG Fetch fetch BSC block, height=6119421
2021-10-13 03:54:41 DEBUG Fetch fetch BSC block, height=6119422
2021-10-13 03:54:41 DEBUG Fetch fetch BSC block, height=6119423
2021-10-13 03:54:42 DEBUG Fetch fetch ETH block error, err=get block info error, height=8018001, err=unknown block
2021-10-13 03:54:42 DEBUG Fetch fetch BSC block, height=6119424
2021-10-13 03:54:42 DEBUG Fetch fetch BSC block, height=6119425
2021-10-13 03:54:43 DEBUG Fetch fetch BSC block, height=6119426
2021-10-13 03:54:43 DEBUG Fetch fetch BSC block, height=6119427
2021-10-13 03:54:44 DEBUG Fetch fetch BSC block, height=6119428
2021-10-13 03:54:44 DEBUG Fetch fetch BSC block, height=6119429
2021-10-13 03:54:45 DEBUG Fetch fetch BSC block, height=6119430
2021-10-13 03:54:45 DEBUG Fetch fetch BSC block, height=6119431
2021-10-13 03:54:46 DEBUG Fetch fetch BSC block, height=6119432
2021-10-13 03:54:46 DEBUG Fetch fetch BSC block, height=6119433
2021-10-13 03:54:47 DEBUG Fetch fetch BSC block, height=6119434
2021-10-13 03:54:47 DEBUG Fetch fetch BSC block, height=6119435
2021-10-13 03:54:48 DEBUG Fetch fetch BSC block, height=6119436
2021-10-13 03:54:49 DEBUG Fetch fetch BSC block, height=6119437
2021-10-13 03:54:49 DEBUG Fetch fetch BSC block, height=6119438
2021-10-13 03:54:50 DEBUG Fetch fetch BSC block, height=6119439
2021-10-13 03:54:50 DEBUG Fetch fetch BSC block, height=6119440
2021-10-13 03:54:51 DEBUG Fetch fetch BSC block, height=6119441
2021-10-13 03:54:52 DEBUG Fetch fetch ETH block, height=8018001
2021-10-13 03:54:52 DEBUG Fetch fetch BSC block, height=6119442
2021-10-13 03:54:52 DEBUG Fetch fetch BSC block, height=6119443
2021-10-13 03:54:53 DEBUG Fetch fetch BSC block, height=6119444
2021-10-13 03:54:53 DEBUG Fetch fetch BSC block, height=6119445
2021-10-13 03:54:54 DEBUG Fetch fetch BSC block, height=6119446
2021-10-13 03:54:54 DEBUG Fetch fetch ETH block error, err=get block info error, height=8018001, err=unknown block
2021-10-13 03:54:54 DEBUG Fetch fetch BSC block, height=6119447
2021-10-13 03:54:55 DEBUG Fetch fetch BSC block, height=6119448
2021-10-13 03:54:55 DEBUG Fetch fetch BSC block, height=6119449
2021-10-13 03:54:56 DEBUG Fetch fetch BSC block, height=6119450
2021-10-13 03:54:56 DEBUG Fetch fetch BSC block, height=6119451
2021-10-13 03:54:57 DEBUG Fetch fetch BSC block, height=6119452
2021-10-13 03:54:57 DEBUG Fetch fetch BSC block, height=6119453
2021-10-13 03:54:58 DEBUG Fetch fetch BSC block, height=6119454
2021-10-13 03:54:58 DEBUG Fetch fetch BSC block, height=6119455
2021-10-13 03:54:59 DEBUG Fetch fetch BSC block, height=6119456
2021-10-13 03:54:59 DEBUG Fetch fetch BSC block, height=6119457
2021-10-13 03:55:00 DEBUG Fetch fetch BSC block, height=6119458
2021-10-13 03:55:00 DEBUG Fetch fetch BSC block, height=6119459
2021-10-13 03:55:00 DEBUG Fetch fetch BSC block, height=6119460
2021-10-13 03:55:01 DEBUG Fetch fetch BSC block, height=6119461
2021-10-13 03:55:01 DEBUG Fetch fetch BSC block, height=6119462
2021-10-13 03:55:02 DEBUG Fetch fetch BSC block, height=6119463
2021-10-13 03:55:02 DEBUG Fetch fetch BSC block, height=6119464
2021-10-13 03:55:03 DEBUG Fetch fetch BSC block, height=6119465
2021-10-13 03:55:03 DEBUG Fetch fetch BSC block, height=6119466
2021-10-13 03:55:04 DEBUG Fetch fetch ETH block, height=8018001
2021-10-13 03:55:04 DEBUG Fetch fetch BSC block, height=6119467
2021-10-13 03:55:05 DEBUG Fetch fetch BSC block, height=6119468
2021-10-13 03:55:05 DEBUG Fetch fetch BSC block, height=6119469
2021-10-13 03:55:06 DEBUG Fetch fetch BSC block, height=6119470
2021-10-13 03:55:06 DEBUG Fetch fetch BSC block, height=6119471
2021-10-13 03:55:06 DEBUG Fetch fetch ETH block error, err=get block info error, height=8018001, err=unknown block
2021-10-13 03:55:07 DEBUG Fetch fetch BSC block, height=6119472
2021-10-13 03:55:07 DEBUG Fetch fetch BSC block, height=6119473
2021-10-13 03:55:08 DEBUG Fetch fetch BSC block, height=6119474
2021-10-13 03:55:08 DEBUG Fetch fetch BSC block, height=6119475
2021-10-13 03:55:09 DEBUG Fetch fetch BSC block, height=6119476
2021-10-13 03:55:09 DEBUG Fetch fetch BSC block, height=6119477
2021-10-13 03:55:10 DEBUG Fetch fetch BSC block, height=6119478
2021-10-13 03:55:10 DEBUG Fetch fetch BSC block, height=6119479
2021-10-13 03:55:10 DEBUG Fetch fetch BSC block, height=6119480
2021-10-13 03:55:11 DEBUG Fetch fetch BSC block, height=6119481
2021-10-13 03:55:11 DEBUG Fetch fetch BSC block, height=6119482
2021-10-13 03:55:12 DEBUG Fetch fetch BSC block, height=6119483
2021-10-13 03:55:12 DEBUG Fetch fetch BSC block, height=6119484
2021-10-13 03:55:13 DEBUG Fetch fetch BSC block, height=6119485
2021-10-13 03:55:13 DEBUG Fetch fetch BSC block, height=6119486
2021-10-13 03:55:14 DEBUG Fetch fetch BSC block, height=6119487
2021-10-13 03:55:14 DEBUG Fetch fetch BSC block, height=6119488
2021-10-13 03:55:15 DEBUG Fetch fetch BSC block, height=6119489
2021-10-13 03:55:15 DEBUG Fetch fetch BSC block, height=6119490
2021-10-13 03:55:16 DEBUG Fetch fetch BSC block, height=6119491
2021-10-13 03:55:16 DEBUG Fetch fetch ETH block, height=8018001
2021-10-13 03:55:16 DEBUG Fetch fetch BSC block, height=6119492
2021-10-13 03:55:17 DEBUG Fetch fetch BSC block, height=6119493
2021-10-13 03:55:18 DEBUG Fetch fetch BSC block, height=6119494
2021-10-13 03:55:18 DEBUG Fetch fetch BSC block, height=6119495
2021-10-13 03:55:19 DEBUG Fetch fetch ETH block error, err=get block info error, height=8018001, err=unknown block
2021-10-13 03:55:19 DEBUG Fetch fetch BSC block, height=6119496
2021-10-13 03:55:19 DEBUG Fetch fetch BSC block, height=6119497
2021-10-13 03:55:20 DEBUG Fetch fetch BSC block, height=6119498
2021-10-13 03:55:20 DEBUG Fetch fetch BSC block, height=6119499
2021-10-13 03:55:21 DEBUG Fetch fetch BSC block, height=6119500
2021-10-13 03:55:22 DEBUG Fetch fetch BSC block, height=6119501
2021-10-13 03:55:23 DEBUG Fetch fetch BSC block, height=6119502
2021-10-13 03:55:24 DEBUG Fetch fetch BSC block, height=6119503
2021-10-13 03:55:25 DEBUG Fetch fetch BSC block, height=6119504
2021-10-13 03:55:26 DEBUG Fetch fetch BSC block, height=6119505
2021-10-13 03:55:27 DEBUG Fetch fetch BSC block, height=6119506
2021-10-13 03:55:28 DEBUG Fetch fetch BSC block, height=6119507
2021-10-13 03:55:29 DEBUG Fetch fetch ETH block, height=8018001
2021-10-13 03:55:29 DEBUG Fetch fetch BSC block, height=6119508
2021-10-13 03:55:30 DEBUG Fetch fetch BSC block, height=6119509
2021-10-13 03:55:30 DEBUG Fetch fetch BSC block, height=6119510
2021-10-13 03:55:31 DEBUG Fetch fetch ETH block error, err=get block info error, height=8018001, err=unknown block
2021-10-13 03:55:31 DEBUG Fetch fetch BSC block, height=6119511
2021-10-13 03:55:32 DEBUG Fetch fetch BSC block, height=6119512
2021-10-13 03:55:33 DEBUG Fetch fetch BSC block, height=6119513
2021-10-13 03:55:34 DEBUG Fetch fetch BSC block, height=6119514
2021-10-13 03:55:35 DEBUG Fetch fetch BSC block, height=6119515
2021-10-13 03:55:36 DEBUG Fetch fetch BSC block, height=6119516
2021-10-13 03:55:36 DEBUG Fetch fetch BSC block, height=6119517
2021-10-13 03:55:37 DEBUG Fetch fetch BSC block, height=6119518
2021-10-13 03:55:38 DEBUG Fetch fetch BSC block, height=6119519
2021-10-13 03:55:39 DEBUG Fetch fetch BSC block, height=6119520
2021-10-13 03:55:40 DEBUG Fetch fetch BSC block, height=6119521
2021-10-13 03:55:40 DEBUG Fetch fetch BSC block, height=6119522
2021-10-13 03:55:41 DEBUG Fetch fetch ETH block, height=8018001
2021-10-13 03:55:41 DEBUG Fetch fetch BSC block, height=6119523
2021-10-13 03:55:42 DEBUG Fetch fetch BSC block, height=6119524
2021-10-13 03:55:43 DEBUG Fetch fetch BSC block, height=6119525
2021-10-13 03:55:44 DEBUG Fetch fetch ETH block error, err=get block info error, height=8018001, err=unknown block
2021-10-13 03:55:44 DEBUG Fetch fetch BSC block, height=6119526
2021-10-13 03:55:45 DEBUG Fetch fetch BSC block, height=6119527
2021-10-13 03:55:46 DEBUG Fetch fetch BSC block, height=6119528
2021-10-13 03:55:47 DEBUG Fetch fetch BSC block, height=6119529
2021-10-13 03:55:48 DEBUG Fetch fetch BSC block, height=6119530
2021-10-13 03:55:49 DEBUG Fetch fetch BSC block, height=6119531
2021-10-13 03:55:50 DEBUG Fetch fetch BSC block, height=6119532
2021-10-13 03:55:51 DEBUG Fetch fetch BSC block, height=6119533
2021-10-13 03:55:52 DEBUG Fetch fetch BSC block, height=6119534
2021-10-13 03:55:53 DEBUG Fetch fetch BSC block, height=6119535
2021-10-13 03:55:54 DEBUG Fetch fetch ETH block, height=8018001
2021-10-13 03:55:54 DEBUG Fetch fetch BSC block, height=6119536
2021-10-13 03:55:55 DEBUG Fetch fetch BSC block, height=6119537
2021-10-13 03:55:56 DEBUG Fetch fetch BSC block, height=6119538
2021-10-13 03:55:56 DEBUG Fetch fetch ETH block error, err=get block info error, height=8018001, err=unknown block
2021-10-13 03:55:58 DEBUG Fetch fetch BSC block, height=6119539
2021-10-13 03:55:59 DEBUG Fetch fetch BSC block, height=6119540
2021-10-13 03:55:59 DEBUG Fetch fetch BSC block, height=6119541
2021-10-13 03:56:00 DEBUG Fetch fetch BSC block, height=6119542
2021-10-13 03:56:01 DEBUG Fetch fetch BSC block, height=6119543
2021-10-13 03:56:02 DEBUG Fetch fetch BSC block, height=6119544
2021-10-13 03:56:03 DEBUG Fetch fetch BSC block, height=6119545
2021-10-13 03:56:04 DEBUG Fetch fetch BSC block, height=6119546
2021-10-13 03:56:05 DEBUG Fetch fetch BSC block, height=6119547
2021-10-13 03:56:06 DEBUG Fetch fetch BSC block, height=6119548
2021-10-13 03:56:06 DEBUG Fetch fetch ETH block, height=8018001
2021-10-13 03:56:07 DEBUG Fetch fetch BSC block, height=6119549
2021-10-13 03:56:09 DEBUG Fetch fetch BSC block, height=6119550
2021-10-13 03:56:09 DEBUG Fetch fetch ETH block error, err=get block info error, height=8018001, err=unknown block
2021-10-13 03:56:10 DEBUG Fetch fetch BSC block, height=6119551
2021-10-13 03:56:10 DEBUG Fetch fetch BSC block, height=6119552
2021-10-13 03:56:11 DEBUG Fetch fetch BSC block, height=6119553
2021-10-13 03:56:12 DEBUG Fetch fetch BSC block, height=6119554
2021-10-13 03:56:13 DEBUG Fetch fetch BSC block, height=6119555
2021-10-13 03:56:14 DEBUG Fetch fetch BSC block, height=6119556
2021-10-13 03:56:15 DEBUG Fetch fetch BSC block, height=6119557
2021-10-13 03:56:15 DEBUG Fetch fetch BSC block, height=6119558
2021-10-13 03:56:16 DEBUG Fetch fetch BSC block, height=6119559
2021-10-13 03:56:16 DEBUG Fetch fetch BSC block, height=6119560
2021-10-13 03:56:17 DEBUG Fetch fetch BSC block, height=6119561
2021-10-13 03:56:17 DEBUG Fetch fetch BSC block, height=6119562
2021-10-13 03:56:18 DEBUG Fetch fetch BSC block, height=6119563
2021-10-13 03:56:18 DEBUG Fetch fetch BSC block, height=6119564
2021-10-13 03:56:19 DEBUG Fetch fetch BSC block, height=6119565
2021-10-13 03:56:19 DEBUG Fetch fetch BSC block, height=6119566
2021-10-13 03:56:19 DEBUG Fetch fetch ETH block, height=8018001
2021-10-13 03:56:20 DEBUG Fetch fetch BSC block, height=6119567
2021-10-13 03:56:21 DEBUG Fetch fetch BSC block, height=6119568
2021-10-13 03:56:21 DEBUG Fetch fetch BSC block, height=6119569
2021-10-13 03:56:22 DEBUG Fetch fetch ETH block error, err=get block info error, height=8018001, err=unknown block
2021-10-13 03:56:22 DEBUG Fetch fetch BSC block, height=6119570
2021-10-13 03:56:23 DEBUG Fetch fetch BSC block, height=6119571
2021-10-13 03:56:24 DEBUG Fetch fetch BSC block, height=6119572
2021-10-13 03:56:25 DEBUG Fetch fetch BSC block, height=6119573
2021-10-13 03:56:26 DEBUG Fetch fetch BSC block, height=6119574
2021-10-13 03:56:27 DEBUG Fetch fetch BSC block, height=6119575
2021-10-13 03:56:28 DEBUG Fetch fetch BSC block, height=6119576
2021-10-13 03:56:29 DEBUG Fetch fetch BSC block, height=6119577
2021-10-13 03:56:30 DEBUG Fetch fetch BSC block, height=6119578
2021-10-13 03:56:30 DEBUG Fetch fetch BSC block, height=6119579
2021-10-13 03:56:31 DEBUG Fetch fetch BSC block, height=6119580
2021-10-13 03:56:32 DEBUG Fetch fetch ETH block, height=8018001
2021-10-13 03:56:32 DEBUG Fetch fetch BSC block, height=6119581
2021-10-13 03:56:33 DEBUG Fetch fetch BSC block, height=6119582
2021-10-13 03:56:34 DEBUG Fetch fetch BSC block, height=6119583
2021-10-13 03:56:34 DEBUG Fetch fetch ETH block error, err=get block info error, height=8018001, err=unknown block
2021-10-13 03:56:35 DEBUG Fetch fetch BSC block, height=6119584
2021-10-13 03:56:36 DEBUG Fetch fetch BSC block, height=6119585
2021-10-13 03:56:37 DEBUG Fetch fetch BSC block, height=6119586
2021-10-13 03:56:38 DEBUG Fetch fetch BSC block, height=6119587
2021-10-13 03:56:39 DEBUG Fetch fetch BSC block, height=6119588
2021-10-13 03:56:40 DEBUG Fetch fetch BSC block, height=6119589
2021-10-13 03:56:40 DEBUG Fetch fetch BSC block, height=6119590
2021-10-13 03:56:41 DEBUG Fetch fetch BSC block, height=6119591
2021-10-13 03:56:42 DEBUG Fetch fetch BSC block, height=6119592
2021-10-13 03:56:43 DEBUG Fetch fetch BSC block, height=6119593
2021-10-13 03:56:44 DEBUG Fetch fetch BSC block, height=6119594
2021-10-13 03:56:44 DEBUG Fetch fetch ETH block, height=8018001
2021-10-13 03:56:45 DEBUG Fetch fetch BSC block, height=6119595
2021-10-13 03:56:45 DEBUG Fetch fetch BSC block, height=6119596
2021-10-13 03:56:46 DEBUG Fetch fetch BSC block, height=6119597
2021-10-13 03:56:47 DEBUG Fetch fetch BSC block, height=6119598
2021-10-13 03:56:47 DEBUG Fetch fetch ETH block error, err=get block info error, height=8018001, err=unknown block
2021-10-13 03:56:47 DEBUG Fetch fetch BSC block, height=6119599
2021-10-13 03:56:48 DEBUG Fetch fetch BSC block, height=6119600
2021-10-13 03:56:49 DEBUG Fetch fetch BSC block, height=6119601
2021-10-13 03:56:49 DEBUG Fetch fetch BSC block, height=6119602
2021-10-13 03:56:50 DEBUG Fetch fetch BSC block, height=6119603
2021-10-13 03:56:50 DEBUG Fetch fetch BSC block, height=6119604
2021-10-13 03:56:51 DEBUG Fetch fetch BSC block, height=6119605
2021-10-13 03:56:51 DEBUG Fetch fetch BSC block, height=6119606
2021-10-13 03:56:52 DEBUG Fetch fetch BSC block, height=6119607
2021-10-13 03:56:52 DEBUG Fetch fetch BSC block, height=6119608
2021-10-13 03:56:53 DEBUG Fetch fetch BSC block, height=6119609
2021-10-13 03:56:54 DEBUG Fetch fetch BSC block, height=6119610
2021-10-13 03:56:54 DEBUG Fetch fetch BSC block, height=6119611
2021-10-13 03:56:55 DEBUG Fetch fetch BSC block, height=6119612
2021-10-13 03:56:55 DEBUG Fetch fetch BSC block, height=6119613
2021-10-13 03:56:56 DEBUG Fetch fetch BSC block, height=6119614
2021-10-13 03:56:56 DEBUG Fetch fetch BSC block, height=6119615
2021-10-13 03:56:57 DEBUG Fetch fetch ETH block, height=8018001
2021-10-13 03:56:57 DEBUG Fetch fetch BSC block, height=6119616
2021-10-13 03:56:57 DEBUG Fetch fetch BSC block, height=6119617
2021-10-13 03:56:58 DEBUG Fetch fetch BSC block, height=6119618
2021-10-13 03:56:58 DEBUG Fetch fetch BSC block, height=6119619
2021-10-13 03:56:59 DEBUG Fetch fetch BSC block, height=6119620
2021-10-13 03:56:59 DEBUG Fetch fetch ETH block error, err=get block info error, height=8018001, err=unknown block
2021-10-13 03:56:59 DEBUG Fetch fetch BSC block, height=6119621
2021-10-13 03:57:00 DEBUG Fetch fetch BSC block, height=6119622
2021-10-13 03:57:00 DEBUG Fetch fetch BSC block, height=6119623
2021-10-13 03:57:01 DEBUG Fetch fetch BSC block, height=6119624
2021-10-13 03:57:01 DEBUG Fetch fetch BSC block, height=6119625
2021-10-13 03:57:02 DEBUG Fetch fetch BSC block, height=6119626
2021-10-13 03:57:02 DEBUG Fetch fetch BSC block, height=6119627
2021-10-13 03:57:03 DEBUG Fetch fetch BSC block, height=6119628
2021-10-13 03:57:03 DEBUG Fetch fetch BSC block, height=6119629
2021-10-13 03:57:04 DEBUG Fetch fetch BSC block, height=6119630
2021-10-13 03:57:04 DEBUG Fetch fetch BSC block, height=6119631
2021-10-13 03:57:05 DEBUG Fetch fetch BSC block, height=6119632
2021-10-13 03:57:05 DEBUG Fetch fetch BSC block, height=6119633
2021-10-13 03:57:06 DEBUG Fetch fetch BSC block, height=6119634
2021-10-13 03:57:06 DEBUG Fetch fetch BSC block, height=6119635
2021-10-13 03:57:07 DEBUG Fetch fetch BSC block, height=6119636
2021-10-13 03:57:07 DEBUG Fetch fetch BSC block, height=6119637
2021-10-13 03:57:07 DEBUG Fetch fetch BSC block, height=6119638
2021-10-13 03:57:08 DEBUG Fetch fetch BSC block, height=6119639
2021-10-13 03:57:09 DEBUG Fetch fetch BSC block, height=6119640
2021-10-13 03:57:09 DEBUG Fetch fetch ETH block, height=8018001
2021-10-13 03:57:09 DEBUG Fetch fetch BSC block, height=6119641
2021-10-13 03:57:10 DEBUG Fetch fetch BSC block, height=6119642
2021-10-13 03:57:10 DEBUG Fetch fetch BSC block, height=6119643
2021-10-13 03:57:11 DEBUG Fetch fetch BSC block, height=6119644
2021-10-13 03:57:11 DEBUG Fetch fetch ETH block error, err=get block info error, height=8018001, err=unknown block
2021-10-13 03:57:11 DEBUG Fetch fetch BSC block, height=6119645
2021-10-13 03:57:12 DEBUG Fetch fetch BSC block, height=6119646
2021-10-13 03:57:12 DEBUG Fetch fetch BSC block, height=6119647
2021-10-13 03:57:12 DEBUG Fetch fetch BSC block, height=6119648
2021-10-13 03:57:13 DEBUG Fetch fetch BSC block, height=6119649
2021-10-13 03:57:14 DEBUG Fetch fetch BSC block, height=6119650
2021-10-13 03:57:15 DEBUG Fetch fetch BSC block, height=6119651
2021-10-13 03:57:15 DEBUG Fetch fetch BSC block, height=6119652
2021-10-13 03:57:16 DEBUG Fetch fetch BSC block, height=6119653
2021-10-13 03:57:17 DEBUG Fetch fetch BSC block, height=6119654
2021-10-13 03:57:18 DEBUG Fetch fetch BSC block, height=6119655
2021-10-13 03:57:19 DEBUG Fetch fetch BSC block, height=6119656
2021-10-13 03:57:20 DEBUG Fetch fetch BSC block, height=6119657
2021-10-13 03:57:20 DEBUG Fetch fetch BSC block, height=6119658
2021-10-13 03:57:21 DEBUG Fetch fetch BSC block, height=6119659
2021-10-13 03:57:21 DEBUG Fetch fetch ETH block, height=8018001
2021-10-13 03:57:21 DEBUG Fetch fetch BSC block, height=6119660
2021-10-13 03:57:22 DEBUG Fetch fetch BSC block, height=6119661
2021-10-13 03:57:22 DEBUG Fetch fetch BSC block, height=6119662
2021-10-13 03:57:23 DEBUG Fetch fetch BSC block, height=6119663
2021-10-13 03:57:23 DEBUG Fetch fetch ETH block error, err=get block info error, height=8018001, err=unknown block
2021-10-13 03:57:23 DEBUG Fetch fetch BSC block, height=6119664
2021-10-13 03:57:24 DEBUG Fetch fetch BSC block, height=6119665
2021-10-13 03:57:24 DEBUG Fetch fetch BSC block, height=6119666
2021-10-13 03:57:25 DEBUG Fetch fetch BSC block, height=6119667
2021-10-13 03:57:25 DEBUG Fetch fetch BSC block, height=6119668
2021-10-13 03:57:26 DEBUG Fetch fetch BSC block, height=6119669
2021-10-13 03:57:26 DEBUG Fetch fetch BSC block, height=6119670
2021-10-13 03:57:27 DEBUG Fetch fetch BSC block, height=6119671
2021-10-13 03:57:27 DEBUG Fetch fetch BSC block, height=6119672
2021-10-13 03:57:28 DEBUG Fetch fetch BSC block, height=6119673
2021-10-13 03:57:28 DEBUG Fetch fetch BSC block, height=6119674
2021-10-13 03:57:29 DEBUG Fetch fetch BSC block, height=6119675
2021-10-13 03:57:29 DEBUG Fetch fetch BSC block, height=6119676
2021-10-13 03:57:30 DEBUG Fetch fetch BSC block, height=6119677
2021-10-13 03:57:31 DEBUG Fetch fetch BSC block, height=6119678
2021-10-13 03:57:31 DEBUG Fetch fetch BSC block, height=6119679
2021-10-13 03:57:32 DEBUG Fetch fetch BSC block, height=6119680
2021-10-13 03:57:32 DEBUG Fetch fetch BSC block, height=6119681
2021-10-13 03:57:33 DEBUG Fetch fetch BSC block, height=6119682
2021-10-13 03:57:33 DEBUG Fetch fetch ETH block, height=8018001
2021-10-13 03:57:34 DEBUG Fetch fetch BSC block, height=6119683
2021-10-13 03:57:34 DEBUG Fetch fetch BSC block, height=6119684
2021-10-13 03:57:35 DEBUG Fetch fetch BSC block, height=6119685
2021-10-13 03:57:35 DEBUG Fetch fetch BSC block, height=6119686
2021-10-13 03:57:35 DEBUG Fetch fetch ETH block error, err=get block info error, height=8018001, err=unknown block
2021-10-13 03:57:36 DEBUG Fetch fetch BSC block, height=6119687
2021-10-13 03:57:36 DEBUG Fetch fetch BSC block, height=6119688
2021-10-13 03:57:37 DEBUG Fetch fetch BSC block, height=6119689
2021-10-13 03:57:37 DEBUG Fetch fetch BSC block, height=6119690
2021-10-13 03:57:38 DEBUG Fetch fetch BSC block, height=6119691
2021-10-13 03:57:39 DEBUG Fetch fetch BSC block, height=6119692
2021-10-13 03:57:39 DEBUG Fetch fetch BSC block, height=6119693
2021-10-13 03:57:40 DEBUG Fetch fetch BSC block, height=6119694
2021-10-13 03:57:41 DEBUG Fetch fetch BSC block, height=6119695
2021-10-13 03:57:41 DEBUG Fetch fetch BSC block, height=6119696
2021-10-13 03:57:41 DEBUG Fetch fetch BSC block, height=6119697
2021-10-13 03:57:42 DEBUG Fetch fetch BSC block, height=6119698
2021-10-13 03:57:42 DEBUG Fetch fetch BSC block, height=6119699
2021-10-13 03:57:43 DEBUG Fetch fetch BSC block, height=6119700
2021-10-13 03:57:43 DEBUG Fetch fetch BSC block, height=6119701
2021-10-13 03:57:44 DEBUG Fetch fetch BSC block, height=6119702
2021-10-13 03:57:45 DEBUG Fetch fetch BSC block, height=6119703
2021-10-13 03:57:45 DEBUG Fetch fetch BSC block, height=6119704
2021-10-13 03:57:45 DEBUG Fetch fetch ETH block, height=8018001
2021-10-13 03:57:46 DEBUG Fetch fetch BSC block, height=6119705
2021-10-13 03:57:46 DEBUG Fetch fetch BSC block, height=6119706
2021-10-13 03:57:47 DEBUG Fetch fetch BSC block, height=6119707
2021-10-13 03:57:47 DEBUG Fetch fetch BSC block, height=6119708
2021-10-13 03:57:48 DEBUG Fetch fetch BSC block, height=6119709
2021-10-13 03:57:48 DEBUG Fetch fetch ETH block error, err=get block info error, height=8018001, err=unknown block
2021-10-13 03:57:48 DEBUG Fetch fetch BSC block, height=6119710
2021-10-13 03:57:49 DEBUG Fetch fetch BSC block, height=6119711
2021-10-13 03:57:49 DEBUG Fetch fetch BSC block, height=6119712
2021-10-13 03:57:50 DEBUG Fetch fetch BSC block, height=6119713
2021-10-13 03:57:50 DEBUG Fetch fetch BSC block, height=6119714
2021-10-13 03:57:51 DEBUG Fetch fetch BSC block, height=6119715
2021-10-13 03:57:52 DEBUG Fetch fetch BSC block, height=6119716
2021-10-13 03:57:52 DEBUG Fetch fetch BSC block, height=6119717
2021-10-13 03:57:53 DEBUG Fetch fetch BSC block, height=6119718
2021-10-13 03:57:53 DEBUG Fetch fetch BSC block, height=6119719
2021-10-13 03:57:54 DEBUG Fetch fetch BSC block, height=6119720
2021-10-13 03:57:54 DEBUG Fetch fetch BSC block, height=6119721
2021-10-13 03:57:55 DEBUG Fetch fetch BSC block, height=6119722
2021-10-13 03:57:55 DEBUG Fetch fetch BSC block, height=6119723
2021-10-13 03:57:56 DEBUG Fetch fetch BSC block, height=6119724
2021-10-13 03:57:56 DEBUG Fetch fetch BSC block, height=6119725
2021-10-13 03:57:57 DEBUG Fetch fetch BSC block, height=6119726
2021-10-13 03:57:57 DEBUG Fetch fetch BSC block, height=6119727
2021-10-13 03:57:58 DEBUG Fetch fetch ETH block, height=8018001
2021-10-13 03:57:58 DEBUG Fetch fetch BSC block, height=6119728
2021-10-13 03:57:59 DEBUG Fetch fetch BSC block, height=6119729
2021-10-13 03:57:59 DEBUG Fetch fetch BSC block, height=6119730
2021-10-13 03:57:59 DEBUG Fetch fetch BSC block, height=6119731
2021-10-13 03:58:00 DEBUG Fetch fetch ETH block error, err=get block info error, height=8018001, err=unknown block
2021-10-13 03:58:00 DEBUG Fetch fetch BSC block, height=6119732
2021-10-13 03:58:00 DEBUG Fetch fetch BSC block, height=6119733
2021-10-13 03:58:01 DEBUG Fetch fetch BSC block, height=6119734
2021-10-13 03:58:01 DEBUG Fetch fetch BSC block, height=6119735
2021-10-13 03:58:02 DEBUG Fetch fetch BSC block, height=6119736
2021-10-13 03:58:02 DEBUG Fetch fetch BSC block, height=6119737
2021-10-13 03:58:03 DEBUG Fetch fetch BSC block, height=6119738
2021-10-13 03:58:03 DEBUG Fetch fetch BSC block, height=6119739
2021-10-13 03:58:04 DEBUG Fetch fetch BSC block, height=6119740
2021-10-13 03:58:04 DEBUG Fetch fetch BSC block, height=6119741
2021-10-13 03:58:05 DEBUG Fetch fetch BSC block, height=6119742
2021-10-13 03:58:05 DEBUG Fetch fetch BSC block, height=6119743
2021-10-13 03:58:05 DEBUG Fetch fetch BSC block, height=6119744
2021-10-13 03:58:06 DEBUG Fetch fetch BSC block, height=6119745
2021-10-13 03:58:07 DEBUG Fetch fetch BSC block, height=6119746
2021-10-13 03:58:07 DEBUG Fetch fetch BSC block, height=6119747
2021-10-13 03:58:08 DEBUG Fetch fetch BSC block, height=6119748
2021-10-13 03:58:08 DEBUG Fetch fetch BSC block, height=6119749
2021-10-13 03:58:09 DEBUG Fetch fetch BSC block, height=6119750
2021-10-13 03:58:09 DEBUG Fetch fetch BSC block, height=6119751
2021-10-13 03:58:10 DEBUG Fetch fetch BSC block, height=6119752
2021-10-13 03:58:10 DEBUG Fetch fetch ETH block, height=8018001
2021-10-13 03:58:10 DEBUG Fetch fetch BSC block, height=6119753
2021-10-13 03:58:11 DEBUG Fetch fetch BSC block, height=6119754
2021-10-13 03:58:11 DEBUG Fetch fetch BSC block, height=6119755
2021-10-13 03:58:12 DEBUG Fetch fetch BSC block, height=6119756
2021-10-13 03:58:12 DEBUG Fetch fetch ETH block error, err=get block info error, height=8018001, err=unknown block
2021-10-13 03:58:12 DEBUG Fetch fetch BSC block, height=6119757
2021-10-13 03:58:12 DEBUG Fetch fetch BSC block, height=6119758
2021-10-13 03:58:13 DEBUG Fetch fetch BSC block, height=6119759
2021-10-13 03:58:14 DEBUG Fetch fetch BSC block, height=6119760
2021-10-13 03:58:14 DEBUG Fetch fetch BSC block, height=6119761
2021-10-13 03:58:15 DEBUG Fetch fetch BSC block, height=6119762
2021-10-13 03:58:15 DEBUG Fetch fetch BSC block, height=6119763
2021-10-13 03:58:15 DEBUG Fetch fetch BSC block, height=6119764
2021-10-13 03:58:16 DEBUG Fetch fetch BSC block, height=6119765
2021-10-13 03:58:16 DEBUG Fetch fetch BSC block, height=6119766
2021-10-13 03:58:17 DEBUG Fetch fetch BSC block, height=6119767
2021-10-13 03:58:17 DEBUG Fetch fetch BSC block, height=6119768
2021-10-13 03:58:18 DEBUG Fetch fetch BSC block, height=6119769
2021-10-13 03:58:18 DEBUG Fetch fetch BSC block, height=6119770
2021-10-13 03:58:19 DEBUG Fetch fetch BSC block, height=6119771
2021-10-13 03:58:20 DEBUG Fetch fetch BSC block, height=6119772
2021-10-13 03:58:20 DEBUG Fetch fetch BSC block, height=6119773
2021-10-13 03:58:21 DEBUG Fetch fetch BSC block, height=6119774
2021-10-13 03:58:22 DEBUG Fetch fetch BSC block, height=6119775
2021-10-13 03:58:22 DEBUG Fetch fetch ETH block, height=8018001
2021-10-13 03:58:22 DEBUG Fetch fetch BSC block, height=6119776
2021-10-13 03:58:23 DEBUG Fetch fetch BSC block, height=6119777
2021-10-13 03:58:24 DEBUG Fetch fetch BSC block, height=6119778
2021-10-13 03:58:24 DEBUG Fetch fetch ETH block error, err=get block info error, height=8018001, err=unknown block
2021-10-13 03:58:25 DEBUG Fetch fetch BSC block, height=6119779
2021-10-13 03:58:26 DEBUG Fetch fetch BSC block, height=6119780
2021-10-13 03:58:27 DEBUG Fetch fetch BSC block, height=6119781
2021-10-13 03:58:27 DEBUG Fetch fetch BSC block, height=6119782
2021-10-13 03:58:28 DEBUG Fetch fetch BSC block, height=6119783
2021-10-13 03:58:29 DEBUG Fetch fetch BSC block, height=6119784
2021-10-13 03:58:30 DEBUG Fetch fetch BSC block, height=6119785
2021-10-13 03:58:31 DEBUG Fetch fetch BSC block, height=6119786
2021-10-13 03:58:32 DEBUG Fetch fetch BSC block, height=6119787
2021-10-13 03:58:33 DEBUG Fetch fetch BSC block, height=6119788
2021-10-13 03:58:34 DEBUG Fetch fetch BSC block, height=6119789
2021-10-13 03:58:34 DEBUG Fetch fetch BSC block, height=6119790
2021-10-13 03:58:34 DEBUG Fetch fetch ETH block, height=8018001
2021-10-13 03:58:35 DEBUG Fetch fetch BSC block, height=6119791
2021-10-13 03:58:35 DEBUG Fetch fetch BSC block, height=6119792
2021-10-13 03:58:36 DEBUG Fetch fetch BSC block, height=6119793
2021-10-13 03:58:36 DEBUG Fetch fetch BSC block, height=6119794
2021-10-13 03:58:36 DEBUG Fetch fetch ETH block error, err=get block info error, height=8018001, err=unknown block
2021-10-13 03:58:37 DEBUG Fetch fetch BSC block, height=6119795
2021-10-13 03:58:37 DEBUG Fetch fetch BSC block, height=6119796
2021-10-13 03:58:38 DEBUG Fetch fetch BSC block, height=6119797
2021-10-13 03:58:38 DEBUG Fetch fetch BSC block, height=6119798
2021-10-13 03:58:39 DEBUG Fetch fetch BSC block, height=6119799
2021-10-13 03:58:39 DEBUG Fetch fetch BSC block, height=6119800
2021-10-13 03:58:40 DEBUG Fetch fetch BSC block, height=6119801
2021-10-13 03:58:40 DEBUG Fetch fetch BSC block, height=6119802
2021-10-13 03:58:41 DEBUG Fetch fetch BSC block, height=6119803
2021-10-13 03:58:42 DEBUG Fetch fetch BSC block, height=6119804
2021-10-13 03:58:43 DEBUG Fetch fetch BSC block, height=6119805
2021-10-13 03:58:45 DEBUG Fetch fetch BSC block, height=6119806
2021-10-13 03:58:46 DEBUG Fetch fetch BSC block, height=6119807
2021-10-13 03:58:46 DEBUG Fetch fetch BSC block, height=6119808
2021-10-13 03:58:46 DEBUG Fetch fetch ETH block, height=8018001
2021-10-13 03:58:47 DEBUG Fetch fetch BSC block, height=6119809
2021-10-13 03:58:47 DEBUG Fetch fetch BSC block, height=6119810
2021-10-13 03:58:47 DEBUG Fetch fetch BSC block, height=6119811
2021-10-13 03:58:48 DEBUG Fetch fetch BSC block, height=6119812
2021-10-13 03:58:48 DEBUG Fetch fetch BSC block, height=6119813
2021-10-13 03:58:49 DEBUG Fetch fetch ETH block error, err=get block info error, height=8018001, err=unknown block
2021-10-13 03:58:49 DEBUG Fetch fetch BSC block, height=6119814
2021-10-13 03:58:50 DEBUG Fetch fetch BSC block, height=6119815
2021-10-13 03:58:50 DEBUG Fetch fetch BSC block, height=6119816
2021-10-13 03:58:51 DEBUG Fetch fetch BSC block, height=6119817
2021-10-13 03:58:52 DEBUG Fetch fetch BSC block, height=6119818
2021-10-13 03:58:53 DEBUG Fetch fetch BSC block, height=6119819
2021-10-13 03:58:53 DEBUG Fetch fetch BSC block, height=6119820
2021-10-13 03:58:54 DEBUG Fetch fetch BSC block, height=6119821
2021-10-13 03:58:55 DEBUG Fetch fetch BSC block, height=6119822
2021-10-13 03:58:56 DEBUG Fetch fetch BSC block, height=6119823
2021-10-13 03:58:56 DEBUG Fetch fetch BSC block, height=6119824
2021-10-13 03:58:57 DEBUG Fetch fetch BSC block, height=6119825
2021-10-13 03:58:57 DEBUG Fetch fetch BSC block, height=6119826
2021-10-13 03:58:58 DEBUG Fetch fetch BSC block, height=6119827
2021-10-13 03:58:58 DEBUG Fetch fetch BSC block, height=6119828
2021-10-13 03:58:59 DEBUG Fetch fetch ETH block, height=8018001
2021-10-13 03:58:59 DEBUG Fetch fetch BSC block, height=6119829
2021-10-13 03:58:59 DEBUG Fetch fetch BSC block, height=6119830
2021-10-13 03:59:00 DEBUG Fetch fetch BSC block, height=6119831
2021-10-13 03:59:00 DEBUG Fetch fetch BSC block, height=6119832
2021-10-13 03:59:01 DEBUG Fetch fetch BSC block, height=6119833
2021-10-13 03:59:01 DEBUG Fetch fetch ETH block error, err=get block info error, height=8018001, err=unknown block
2021-10-13 03:59:01 DEBUG Fetch fetch BSC block, height=6119834
2021-10-13 03:59:02 DEBUG Fetch fetch BSC block, height=6119835
2021-10-13 03:59:02 DEBUG Fetch fetch BSC block, height=6119836
2021-10-13 03:59:03 DEBUG Fetch fetch BSC block, height=6119837
2021-10-13 03:59:03 DEBUG Fetch fetch BSC block, height=6119838
2021-10-13 03:59:04 DEBUG Fetch fetch BSC block, height=6119839
2021-10-13 03:59:04 DEBUG Fetch fetch BSC block, height=6119840
2021-10-13 03:59:05 DEBUG Fetch fetch BSC block, height=6119841
2021-10-13 03:59:05 DEBUG Fetch fetch BSC block, height=6119842
2021-10-13 03:59:06 DEBUG Fetch fetch BSC block, height=6119843
2021-10-13 03:59:07 DEBUG Fetch fetch BSC block, height=6119844
2021-10-13 03:59:08 DEBUG Fetch fetch BSC block, height=6119845
2021-10-13 03:59:08 DEBUG Fetch fetch BSC block, height=6119846
2021-10-13 03:59:09 DEBUG Fetch fetch BSC block, height=6119847
2021-10-13 03:59:09 DEBUG Fetch fetch BSC block, height=6119848
2021-10-13 03:59:10 DEBUG Fetch fetch BSC block, height=6119849
2021-10-13 03:59:10 DEBUG Fetch fetch BSC block, height=6119850
2021-10-13 03:59:11 DEBUG Fetch fetch BSC block, height=6119851
2021-10-13 03:59:11 DEBUG Fetch fetch ETH block, height=8018001
2021-10-13 03:59:11 DEBUG Fetch fetch BSC block, height=6119852
2021-10-13 03:59:12 DEBUG Fetch fetch BSC block, height=6119853
2021-10-13 03:59:12 DEBUG Fetch fetch BSC block, height=6119854
2021-10-13 03:59:13 DEBUG Fetch fetch BSC block, height=6119855
2021-10-13 03:59:13 DEBUG Fetch fetch ETH block error, err=get block info error, height=8018001, err=unknown block
2021-10-13 03:59:13 DEBUG Fetch fetch BSC block, height=6119856
2021-10-13 03:59:14 DEBUG Fetch fetch BSC block, height=6119857
2021-10-13 03:59:14 DEBUG Fetch fetch BSC block, height=6119858
2021-10-13 03:59:15 DEBUG Fetch fetch BSC block, height=6119859
2021-10-13 03:59:15 DEBUG Fetch fetch BSC block, height=6119860
2021-10-13 03:59:16 DEBUG Fetch fetch BSC block, height=6119861
2021-10-13 03:59:17 DEBUG Fetch fetch BSC block, height=6119862
2021-10-13 03:59:17 DEBUG Fetch fetch BSC block, height=6119863
2021-10-13 03:59:18 DEBUG Fetch fetch BSC block, height=6119864
2021-10-13 03:59:18 DEBUG Fetch fetch BSC block, height=6119865
2021-10-13 03:59:19 DEBUG Fetch fetch BSC block, height=6119866
2021-10-13 03:59:19 DEBUG Fetch fetch BSC block, height=6119867
2021-10-13 03:59:20 DEBUG Fetch fetch BSC block, height=6119868
2021-10-13 03:59:20 DEBUG Fetch fetch BSC block, height=6119869
2021-10-13 03:59:21 DEBUG Fetch fetch BSC block, height=6119870
2021-10-13 03:59:21 DEBUG Fetch fetch BSC block, height=6119871
2021-10-13 03:59:22 DEBUG Fetch fetch BSC block, height=6119872
2021-10-13 03:59:22 DEBUG Fetch fetch BSC block, height=6119873
2021-10-13 03:59:23 DEBUG Fetch fetch BSC block, height=6119874
2021-10-13 03:59:23 DEBUG Fetch fetch ETH block, height=8018001
2021-10-13 03:59:23 DEBUG Fetch fetch BSC block, height=6119875
2021-10-13 03:59:24 DEBUG Fetch fetch BSC block, height=6119876
2021-10-13 03:59:24 DEBUG Fetch fetch BSC block, height=6119877
2021-10-13 03:59:25 DEBUG Fetch fetch BSC block, height=6119878
2021-10-13 03:59:25 DEBUG Fetch fetch ETH block error, err=get block info error, height=8018001, err=unknown block
2021-10-13 03:59:25 DEBUG Fetch fetch BSC block, height=6119879
2021-10-13 03:59:26 DEBUG Fetch fetch BSC block, height=6119880
2021-10-13 03:59:26 DEBUG Fetch fetch BSC block, height=6119881
2021-10-13 03:59:27 DEBUG Fetch fetch BSC block, height=6119882
2021-10-13 03:59:28 DEBUG Fetch fetch BSC block, height=6119883
2021-10-13 03:59:28 DEBUG Fetch fetch BSC block, height=6119884
2021-10-13 03:59:29 DEBUG Fetch fetch BSC block, height=6119885
2021-10-13 03:59:29 DEBUG Fetch fetch BSC block, height=6119886
2021-10-13 03:59:30 DEBUG Fetch fetch BSC block, height=6119887
2021-10-13 03:59:30 DEBUG Fetch fetch BSC block, height=6119888
2021-10-13 03:59:31 DEBUG Fetch fetch BSC block, height=6119889
2021-10-13 03:59:31 DEBUG Fetch fetch BSC block, height=6119890
2021-10-13 03:59:32 DEBUG Fetch fetch BSC block, height=6119891
2021-10-13 03:59:32 DEBUG Fetch fetch BSC block, height=6119892
2021-10-13 03:59:33 DEBUG Fetch fetch BSC block, height=6119893
2021-10-13 03:59:33 DEBUG Fetch fetch BSC block, height=6119894
2021-10-13 03:59:34 DEBUG Fetch fetch BSC block, height=6119895
2021-10-13 03:59:34 DEBUG Fetch fetch BSC block, height=6119896
2021-10-13 03:59:35 DEBUG Fetch fetch BSC block, height=6119897
2021-10-13 03:59:35 DEBUG Fetch fetch ETH block, height=8018001
2021-10-13 03:59:35 DEBUG Fetch fetch BSC block, height=6119898
2021-10-13 03:59:36 DEBUG Fetch fetch BSC block, height=6119899
2021-10-13 03:59:37 DEBUG Fetch fetch BSC block, height=6119900
2021-10-13 03:59:38 DEBUG Fetch fetch ETH block error, err=get block info error, height=8018001, err=unknown block
2021-10-13 03:59:38 DEBUG Fetch fetch BSC block, height=6119901
2021-10-13 03:59:38 DEBUG Fetch fetch BSC block, height=6119902
2021-10-13 03:59:39 DEBUG Fetch fetch BSC block, height=6119903
2021-10-13 03:59:40 DEBUG Fetch fetch BSC block, height=6119904
2021-10-13 03:59:40 DEBUG Fetch fetch BSC block, height=6119905
2021-10-13 03:59:41 DEBUG Fetch fetch BSC block, height=6119906
2021-10-13 03:59:41 DEBUG Fetch fetch BSC block, height=6119907
2021-10-13 03:59:42 DEBUG Fetch fetch BSC block, height=6119908
2021-10-13 03:59:42 DEBUG Fetch fetch BSC block, height=6119909
2021-10-13 03:59:43 DEBUG Fetch fetch BSC block, height=6119910
2021-10-13 03:59:44 DEBUG Fetch fetch BSC block, height=6119911
2021-10-13 03:59:45 DEBUG Fetch fetch BSC block, height=6119912
2021-10-13 03:59:46 DEBUG Fetch fetch BSC block, height=6119913
2021-10-13 03:59:47 DEBUG Fetch fetch BSC block, height=6119914
2021-10-13 03:59:47 DEBUG Fetch fetch BSC block, height=6119915
2021-10-13 03:59:48 DEBUG Fetch fetch ETH block, height=8018001
2021-10-13 03:59:48 DEBUG Fetch fetch BSC block, height=6119916
2021-10-13 03:59:48 DEBUG Fetch fetch BSC block, height=6119917
2021-10-13 03:59:49 DEBUG Fetch fetch BSC block, height=6119918
2021-10-13 03:59:50 DEBUG Fetch fetch ETH block error, err=get block info error, height=8018001, err=unknown block
2021-10-13 03:59:50 DEBUG Fetch fetch BSC block, height=6119919
2021-10-13 03:59:51 DEBUG Fetch fetch BSC block, height=6119920
2021-10-13 03:59:51 DEBUG Fetch fetch BSC block, height=6119921
2021-10-13 03:59:51 DEBUG Fetch fetch BSC block, height=6119922
2021-10-13 03:59:52 DEBUG Fetch fetch BSC block, height=6119923
2021-10-13 03:59:52 DEBUG Fetch fetch BSC block, height=6119924
2021-10-13 03:59:53 DEBUG Fetch fetch BSC block, height=6119925
